#
# A fatal error has been detected by the Java Runtime Environment:
#
#  SIGBUS (0x7) at pc=0x00007f8245a8d938, pid=4313, tid=4350
#
# JRE version: OpenJDK Runtime Environment GraalVM CE 22.3.1 (19.0.2+7) (build 19.0.2+7-jvmci-22.3-b12)
# Java VM: OpenJDK 64-Bit Server VM GraalVM CE 22.3.1 (19.0.2+7-jvmci-22.3-b12, mixed mode, sharing, tiered, jvmci, jvmci compiler, compressed oops, compressed class ptrs, g1 gc, linux-amd64)
# Problematic frame:
# V  [libjvm.so+0x80c938]  HSpaceCounters::update_used(unsigned long)+0x8
#
# No core dump will be written. Core dumps have been disabled. To enable core dumping, try "ulimit -c unlimited" before starting Java again
#
# If you would like to submit a bug report, please visit:
#   https://github.com/oracle/graal/issues
#

---------------  S U M M A R Y ------------

Command Line: -XX:ThreadPriorityPolicy=1 -XX:+UnlockExperimentalVMOptions -XX:+EnableJVMCIProduct -XX:JVMCIThreadsPerNativeLibraryRuntime=1 -XX:-UnlockExperimentalVMOptions -Xmx64m -Xms64m -Dorg.gradle.appname=gradlew /home/runner/workspace/artifacts/elan-mobile/android/gradle/wrapper/gradle-wrapper.jar assembleRelease --no-daemon --stacktrace

Host: Intel(R) Xeon(R) Platinum 8481C CPU @ 2.70GHz, 4 cores, 7G, Ubuntu 24.04.4 LTS
Time: Wed Sep  2 06:58:35 2026 UTC elapsed time: 58.649768 seconds (0d 0h 0m 58s)

---------------  T H R E A D  ---------------

Current thread (0x00007f81c0009700):  JavaThread "process reaper (pid 4349)" daemon [_thread_in_vm, id=4350, stack(0x00007f8235c0f000,0x00007f8235c31000)]

Stack: [0x00007f8235c0f000,0x00007f8235c31000],  sp=0x00007f8235c2cab8,  free space=118k
Native frames: (J=compiled Java code, j=interpreted, Vv=VM code, C=native code)
V  [libjvm.so+0x80c938]  HSpaceCounters::update_used(unsigned long)+0x8
V  [libjvm.so+0x73a7bc]  G1CollectedHeap::attempt_allocation_slow(unsigned long)+0x48c
V  [libjvm.so+0x73abe2]  G1CollectedHeap::allocate_new_tlab(unsigned long, unsigned long, unsigned long*)+0xf2
V  [libjvm.so+0xbd2e7c]  MemAllocator::allocate_inside_tlab_slow(MemAllocator::Allocation&) const+0x1ec
V  [libjvm.so+0xbd31d1]  MemAllocator::allocate() const+0x111
V  [libjvm.so+0x85dca1]  InstanceKlass::allocate_instance(JavaThread*)+0x41
V  [libjvm.so+0x50aece]  Runtime1::new_instance(JavaThread*, Klass*)+0x13e
v  ~RuntimeStub::fast_new_instance Runtime1 stub 0x00007f822e1fc1db
J 1831 c1 java.lang.Integer.valueOf(I)Ljava/lang/Integer; java.base@19.0.2 (32 bytes) @ 0x00007f8226f89575 [0x00007f8226f89360+0x0000000000000215]
j  java.lang.ProcessHandleImpl$1.run()V+152 java.base@19.0.2
j  java.util.concurrent.ThreadPoolExecutor.runWorker(Ljava/util/concurrent/ThreadPoolExecutor$Worker;)V+92 java.base@19.0.2
j  java.util.concurrent.ThreadPoolExecutor$Worker.run()V+5 java.base@19.0.2
j  java.lang.Thread.run()V+13 java.base@19.0.2
j  jdk.internal.misc.InnocuousThread.run()V+20 java.base@19.0.2
v  ~StubRoutines::call_stub 0x00007f822e0f2cc6
V  [libjvm.so+0x883f85]  JavaCalls::call_helper(JavaValue*, methodHandle const&, JavaCallArguments*, JavaThread*)+0x315
V  [libjvm.so+0x8857b2]  JavaCalls::call_virtual(JavaValue*, Handle, Klass*, Symbol*, Symbol*, JavaThread*)+0x1d2
V  [libjvm.so+0x9546fe]  thread_entry(JavaThread*, JavaThread*)+0x8e
V  [libjvm.so+0xe21f3e]  JavaThread::run()+0x17e
V  [libjvm.so+0xe2b920]  Thread::call_run()+0xc0
V  [libjvm.so+0xc78988]  thread_native_entry(Thread*)+0xd8

Java frames: (J=compiled Java code, j=interpreted, Vv=VM code)
v  ~RuntimeStub::fast_new_instance Runtime1 stub 0x00007f822e1fc1db
J 1831 c1 java.lang.Integer.valueOf(I)Ljava/lang/Integer; java.base@19.0.2 (32 bytes) @ 0x00007f8226f89575 [0x00007f8226f89360+0x0000000000000215]
j  java.lang.ProcessHandleImpl$1.run()V+152 java.base@19.0.2
j  java.util.concurrent.ThreadPoolExecutor.runWorker(Ljava/util/concurrent/ThreadPoolExecutor$Worker;)V+92 java.base@19.0.2
j  java.util.concurrent.ThreadPoolExecutor$Worker.run()V+5 java.base@19.0.2
j  java.lang.Thread.run()V+13 java.base@19.0.2
j  jdk.internal.misc.InnocuousThread.run()V+20 java.base@19.0.2
v  ~StubRoutines::call_stub 0x00007f822e0f2cc6

siginfo: si_signo: 7 (SIGBUS), si_code: 2 (BUS_ADRERR), si_addr: 0x00007f8245072b58

Registers:
RAX=0x00007f8245072b58, RBX=0x00007f8240045430, RCX=0x0000000000200000, RDX=0x0000000000000000
RSP=0x00007f8235c2cab8, RBP=0x00007f8235c2cae0, RSI=0x0000000000100000, RDI=0x00007f824009a060
R8 =0x0000000000100000, R9 =0x0000000000000000, R10=0x00007f82465b19c0, R11=0x000000000000006e
R12=0x0000000000000000, R13=0x00007f8240093700, R14=0x0000000000000100, R15=0x00007f8240045430
RIP=0x00007f8245a8d938, EFLAGS=0x0000000000010202, CSGSFS=0x002b000000000033, ERR=0x0000000000000007
  TRAPNO=0x000000000000000e


Register to memory mapping:

RAX=0x00007f8245072b58 points into unknown readable memory: 0x0000000000000000 | 00 00 00 00 00 00 00 00
RBX=0x00007f8240045430 points into unknown readable memory: 0x00007f8246471010 | 10 10 47 46 82 7f 00 00
RCX=0x0000000000200000 is an unknown value
RDX=0x0 is NULL
RSP=0x00007f8235c2cab8 is pointing into the stack for thread: 0x00007f81c0009700
RBP=0x00007f8235c2cae0 is pointing into the stack for thread: 0x00007f81c0009700
RSI=0x0000000000100000 is an unknown value
RDI=0x00007f824009a060 points into unknown readable memory: 0x00007f824009a180 | 80 a1 09 40 82 7f 00 00
R8 =0x0000000000100000 is an unknown value
R9 =0x0 is NULL
R10=0x00007f82465b19c0: <offset 0x00000000013309c0> in /nix/store/c8hr2f0b0dm685yx1dkp6bw24bpx495n-graalvm19-ce-22.3.1/lib/server/libjvm.so at 0x00007f8245281000
R11=0x000000000000006e is an unknown value
R12=0x0 is NULL
R13=0x00007f8240093700 points into unknown readable memory: 0x00000000ffd00000 | 00 00 d0 ff 00 00 00 00
R14=0x0000000000000100 is an unknown value
R15=0x00007f8240045430 points into unknown readable memory: 0x00007f8246471010 | 10 10 47 46 82 7f 00 00


Top of Stack: (sp=0x00007f8235c2cab8)
0x00007f8235c2cab8:   00007f8245990bd0 00007f824003cc00
0x00007f8235c2cac8:   00007f82400252a0 0000000000000001
0x00007f8235c2cad8:   0000000000000100 00007f8235c2cbc0
0x00007f8235c2cae8:   00007f82459bb7bc 00007f81dc1bd560 

Instructions: (pc=0x00007f8245a8d938)
0x00007f8245a8d838:   08 00 4c 8b 4d 98 48 89 03 4c 8b 55 90 0f 85 1c
0x00007f8245a8d848:   ff ff ff 48 8b 7b 10 48 8d 35 e7 af 73 00 4c 89
0x00007f8245a8d858:   55 98 4c 89 4d 90 e8 ad 1e 4b 00 31 c9 4d 89 f8
0x00007f8245a8d868:   ba 02 00 00 00 48 89 c6 bf 05 00 00 00 e8 46 37
0x00007f8245a8d878:   4b 00 49 83 7f 08 00 4c 8b 55 98 48 89 43 08 0f
0x00007f8245a8d888:   85 da fe ff ff 48 8b 7b 10 48 8d 35 aa af 73 00
0x00007f8245a8d898:   e8 73 1e 4b 00 48 8b 4d 90 4d 89 f8 ba 02 00 00
0x00007f8245a8d8a8:   00 48 89 c6 bf 05 00 00 00 e8 aa 34 4b 00 49 83
0x00007f8245a8d8b8:   7f 08 00 4c 8b 55 98 0f 85 a2 fe ff ff 48 8b 5d
0x00007f8245a8d8c8:   b0 48 83 3b 00 74 1f 48 8b b5 78 ff ff ff 4c 89
0x00007f8245a8d8d8:   d7 4c 89 55 b0 e8 be a6 bd ff 48 89 df e8 e6 9c
0x00007f8245a8d8e8:   bd ff 4c 8b 55 b0 48 8b 45 b8 66 0f 6f 55 a0 4c
0x00007f8245a8d8f8:   89 f7 49 89 42 20 41 0f 11 52 10 e8 98 96 ee ff
0x00007f8245a8d908:   e9 9d fe ff ff 90 66 90 48 8b 7f 10 e9 57 0e bd
0x00007f8245a8d918:   ff 90 66 0f 1f 44 00 00 48 8b 07 48 8b 40 28 48
0x00007f8245a8d928:   89 30 c3 90 0f 1f 40 00 48 8b 47 08 48 8b 40 28
0x00007f8245a8d938:   48 89 30 c3 0f 1f 40 00 48 8b 07 48 8b 40 28 48
0x00007f8245a8d948:   89 30 48 8b 47 08 48 8b 40 28 48 89 10 c3 66 2e
0x00007f8245a8d958:   0f 1f 84 00 00 00 00 00 66 66 66 66 66 66 2e 0f
0x00007f8245a8d968:   1f 84 00 00 00 00 00 00 4c 8b 07 4d 85 c0 74 67
0x00007f8245a8d978:   48 8b 47 08 48 8b b0 60 02 00 00 44 8b 0e 44 89
0x00007f8245a8d988:   c9 83 e9 01 78 52 48 8b 7e 08 48 63 c1 eb 11 66
0x00007f8245a8d998:   0f 1f 84 00 00 00 00 00 48 83 e8 01 85 c0 78 38
0x00007f8245a8d9a8:   4c 3b 04 c7 75 f2 8d 40 01 41 39 c1 7e 27 48 63
0x00007f8245a8d9b8:   d0 48 c1 e2 03 0f 1f 00 48 8b 4e 08 83 c0 01 48
0x00007f8245a8d9c8:   8b 3c 11 48 89 7c 11 f8 8b 0e 48 83 c2 08 39 c8
0x00007f8245a8d9d8:   7c e6 83 e9 01 89 0e c3 31 c0 eb cd 66 66 2e 0f
0x00007f8245a8d9e8:   1f 84 00 00 00 00 00 90 4c 8b 07 4d 85 c0 74 67
0x00007f8245a8d9f8:   48 8b 47 08 48 8b b0 60 02 00 00 44 8b 0e 44 89
0x00007f8245a8da08:   c9 83 e9 01 78 52 48 8b 7e 08 48 63 c1 eb 11 66
0x00007f8245a8da18:   0f 1f 84 00 00 00 00 00 48 83 e8 01 85 c0 78 38
0x00007f8245a8da28:   4c 3b 04 c7 75 f2 8d 40 01 41 39 c1 7e 27 48 63 


Stack slot to memory mapping:
stack at sp + 0 slots: 0x00007f8245990bd0: <offset 0x000000000070fbd0> in /nix/store/c8hr2f0b0dm685yx1dkp6bw24bpx495n-graalvm19-ce-22.3.1/lib/server/libjvm.so at 0x00007f8245281000
stack at sp + 1 slots: 0x00007f824003cc00 points into unknown readable memory: 0x00007f82465250e8 | e8 50 52 46 82 7f 00 00
stack at sp + 2 slots: 0x00007f82400252a0 points into unknown readable memory: 0x00007f81c0009700 | 00 97 00 c0 81 7f 00 00
stack at sp + 3 slots: 0x0000000000000001 is an unknown value
stack at sp + 4 slots: 0x0000000000000100 is an unknown value
stack at sp + 5 slots: 0x00007f8235c2cbc0 is pointing into the stack for thread: 0x00007f81c0009700
stack at sp + 6 slots: 0x00007f82459bb7bc: <offset 0x000000000073a7bc> in /nix/store/c8hr2f0b0dm685yx1dkp6bw24bpx495n-graalvm19-ce-22.3.1/lib/server/libjvm.so at 0x00007f8245281000
stack at sp + 7 slots: 0x00007f81dc1bd560 points into unknown readable memory: 0x0000000000000000 | 00 00 00 00 00 00 00 00

--------------------------------------------------------------------------------
Decoding CodeBlob, name: fast_new_instance Runtime1 stub, at  [0x00007f822e1fc080, 0x00007f822e1fc370]  752 bytes
[MachCode]
  0x00007f822e1fc080: 5548 8bec | 4881 ec80 | 0000 0048 | 8944 2478 | 4889 4c24 | 7048 8954 | 2468 4889 | 5c24 6048 
  0x00007f822e1fc0a0: 896c 2450 | 4889 7424 | 4848 897c | 2440 4c89 | 4424 384c | 894c 2430 | 4c89 5424 | 284c 895c 
  0x00007f822e1fc0c0: 2420 4c89 | 6424 184c | 896c 2410 | 4c89 7424 | 084c 893c | 2448 81ec | f003 0000 | c5fb 1144 
  0x00007f822e1fc0e0: 2408 c5fb | 114c 2410 | c5fb 1154 | 2418 c5fb | 115c 2420 | c5fb 1164 | 2428 c5fb | 116c 2430 
  0x00007f822e1fc100: c5fb 1174 | 2438 c5fb | 117c 2440 | c57b 1144 | 2448 c57b | 114c 2450 | c57b 1154 | 2458 c57b 
  0x00007f822e1fc120: 115c 2460 | c57b 1164 | 2468 c57b | 116c 2470 | c57b 1174 | 2478 c57b | 11bc 2480 | 0000 0062 
  0x00007f822e1fc140: e1ff 0811 | 4424 1162 | e1ff 0811 | 4c24 1262 | e1ff 0811 | 5424 1362 | e1ff 0811 | 5c24 1462 
  0x00007f822e1fc160: e1ff 0811 | 6424 1562 | e1ff 0811 | 6c24 1662 | e1ff 0811 | 7424 1762 | e1ff 0811 | 7c24 1862 
  0x00007f822e1fc180: 61ff 0811 | 4424 1962 | 61ff 0811 | 4c24 1a62 | 61ff 0811 | 5424 1b62 | 61ff 0811 | 5c24 1c62 
  0x00007f822e1fc1a0: 61ff 0811 | 6424 1d62 | 61ff 0811 | 6c24 1e62 | 61ff 0811 | 7424 1f62 | 61ff 0811 | 7c24 2048 
  0x00007f822e1fc1c0: 8bf2 498b | ffc5 f877 | 4989 afd0 | 0200 0049 | 89a7 c002 | 0000 e8b5 | fb58 1749 | c787 c002 
  0x00007f822e1fc1e0: 0000 0000 | 0000 49c7 | 87d0 0200 | 0000 0000 | 0049 c787 | c802 0000 | 0000 0000 | c5f8 7749 
  0x00007f822e1fc200: 817f 0800 | 0000 000f | 8414 0000 | 0049 8b47 | 0849 c787 | 1803 0000 | 0000 0000 | e97f e8ff 
  0x00007f822e1fc220: ff49 8b87 | 1803 0000 | 49c7 8718 | 0300 0000 | 0000 00c5 | fb10 4424 | 08c5 fb10 | 4c24 10c5 
  0x00007f822e1fc240: fb10 5424 | 18c5 fb10 | 5c24 20c5 | fb10 6424 | 28c5 fb10 | 6c24 30c5 | fb10 7424 | 38c5 fb10 
  0x00007f822e1fc260: 7c24 40c5 | 7b10 4424 | 48c5 7b10 | 4c24 50c5 | 7b10 5424 | 58c5 7b10 | 5c24 60c5 | 7b10 6424 
  0x00007f822e1fc280: 68c5 7b10 | 6c24 70c5 | 7b10 7424 | 78c5 7b10 | bc24 8000 | 0000 62e1 | ff08 1044 | 2411 62e1 
  0x00007f822e1fc2a0: ff08 104c | 2412 62e1 | ff08 1054 | 2413 62e1 | ff08 105c | 2414 62e1 | ff08 1064 | 2415 62e1 
  0x00007f822e1fc2c0: ff08 106c | 2416 62e1 | ff08 1074 | 2417 62e1 | ff08 107c | 2418 6261 | ff08 1044 | 2419 6261 
  0x00007f822e1fc2e0: ff08 104c | 241a 6261 | ff08 1054 | 241b 6261 | ff08 105c | 241c 6261 | ff08 1064 | 241d 6261 
  0x00007f822e1fc300: ff08 106c | 241e 6261 | ff08 1074 | 241f 6261 | ff08 107c | 2420 4881 | c4f0 0300 | 004c 8b3c 
  0x00007f822e1fc320: 244c 8b74 | 2408 4c8b | 6c24 104c | 8b64 2418 | 4c8b 5c24 | 204c 8b54 | 2428 4c8b | 4c24 304c 
  0x00007f822e1fc340: 8b44 2438 | 488b 7c24 | 4048 8b74 | 2448 488b | 6c24 5048 | 8b5c 2460 | 488b 5424 | 6848 8b4c 
  0x00007f822e1fc360: 2470 4881 | c480 0000 | 00c9 c30f | 1f44 0000 
[/MachCode]
--------------------------------------------------------------------------------


Compiled method (c1)   58670 1831       3       java.lang.Integer::valueOf (32 bytes)
 total in heap  [0x00007f8226f89190,0x00007f8226f89770] = 1504
 relocation     [0x00007f8226f892f0,0x00007f8226f89348] = 88
 main code      [0x00007f8226f89360,0x00007f8226f89640] = 736
 stub code      [0x00007f8226f89640,0x00007f8226f89670] = 48
 metadata       [0x00007f8226f89670,0x00007f8226f89690] = 32
 scopes data    [0x00007f8226f89690,0x00007f8226f896d8] = 72
 scopes pcs     [0x00007f8226f896d8,0x00007f8226f89758] = 128
 dependencies   [0x00007f8226f89758,0x00007f8226f89760] = 8
 nul chk table  [0x00007f8226f89760,0x00007f8226f89770] = 16

[Constant Pool (empty)]

[MachCode]
[Verified Entry Point]
  # {method} {0x000000080003f598} 'valueOf' '(I)Ljava/lang/Integer;' in 'java/lang/Integer'
  # parm0:    rsi       = int
  #           [sp+0x70]  (sp of caller)
  0x00007f8226f89360: 8984 2400 | c0fe ff55 | 4883 ec60 

  0x00007f8226f8936c: ;   {metadata(method data for {method} {0x000000080003f598} 'valueOf' '(I)Ljava/lang/Integer;' in 'java/lang/Integer')}
  0x00007f8226f8936c: 488b de48 | ba80 6419 | 0c82 7f00 | 008b b2f4 | 0000 0083 | c602 89b2 | f400 0000 | 81e6 fe07 
  0x00007f8226f8938c: 0000 83fe | 000f 84b5 | 0100 0083 

  0x00007f8226f89398: ;   {metadata(method data for {method} {0x000000080003f598} 'valueOf' '(I)Ljava/lang/Integer;' in 'java/lang/Integer')}
  0x00007f8226f89398: fb80 48ba | 8064 190c | 827f 0000 | 48be 3801 | 0000 0000 | 0000 0f8c | 0a00 0000 | 48be 4801 
  0x00007f8226f893b8: 0000 0000 | 0000 488b | 3c32 488d | 7f01 4889 | 3c32 0f8c | 3900 0000 

  0x00007f8226f893d0: ;   {metadata(method data for {method} {0x000000080003f598} 'valueOf' '(I)Ljava/lang/Integer;' in 'java/lang/Integer')}
  0x00007f8226f893d0: 83fb 7f48 | ba80 6419 | 0c82 7f00 | 0048 be68 | 0100 0000 | 0000 000f | 8e0a 0000 | 0048 be58 
  0x00007f8226f893f0: 0100 0000 | 0000 0048 | 8b3c 3248 | 8d7f 0148 | 893c 320f | 8e19 0100 

  0x00007f8226f89408: ;   {metadata('java/lang/Integer')}
  0x00007f8226f89408: 0048 ba10 | da03 0008 | 0000 0049 | 8b87 f800 | 0000 488d | 7810 493b | bf08 0100 | 000f 8742 
  0x00007f8226f89428: 0100 0049 | 89bf f800 | 0000 48c7 | 0001 0000 | 0048 8bca | 49ba 0000 | 0000 0800 | 0000 492b 
  0x00007f8226f89448: ca89 4808 | 4833 c989 | 480c 4833 | c948 8bf0 

  0x00007f8226f89458: ;   {metadata(method data for {method} {0x000000080003f598} 'valueOf' '(I)Ljava/lang/Integer;' in 'java/lang/Integer')}
  0x00007f8226f89458: 48bf 8064 | 190c 827f | 0000 4883 | 8778 0100 

  0x00007f8226f89468: ;   {metadata(method data for {method} {0x000000080003eeb8} '<init>' '(I)V' in 'java/lang/Integer')}
  0x00007f8226f89468: 0001 48be | 3866 190c | 827f 0000 | 8bbe f400 | 0000 83c7 | 0289 bef4 | 0000 0081 | e7fe ff1f 
  0x00007f8226f89488: 0083 ff00 | 0f84 e800 | 0000 488b 

  0x00007f8226f89494: ;   {metadata(method data for {method} {0x000000080003eeb8} '<init>' '(I)V' in 'java/lang/Integer')}
  0x00007f8226f89494: f048 bf38 | 6619 0c82 | 7f00 0048 | 8387 3801 

  0x00007f8226f894a4: ;   {metadata(method data for {method} {0x00000008000383f8} '<init>' '()V' in 'java/lang/Number')}
  0x00007f8226f894a4: 0000 0148 | beb8 6719 | 0c82 7f00 | 008b bef4 | 0000 0083 | c702 89be | f400 0000 | 81e7 feff 
  0x00007f8226f894c4: 1f00 83ff | 000f 84cc | 0000 0048 

  0x00007f8226f894d0: ;   {metadata(method data for {method} {0x00000008000383f8} '<init>' '()V' in 'java/lang/Number')}
  0x00007f8226f894d0: 8bf0 48bf | b867 190c | 827f 0000 | 4883 8738 | 0100 0001 

  0x00007f8226f894e4: ;   {metadata(method data for {method} {0x00000008004614f8} '<init>' '()V' in 'java/lang/Object')}
  0x00007f8226f894e4: 48be 888f | 000c 827f | 0000 8bbe | f400 0000 | 83c7 0289 | bef4 0000 | 0081 e7fe | ff1f 0083 
  0x00007f8226f89504: ff00 0f84 | b000 0000 | 8958 0c48 | 83c4 605d 

  0x00007f8226f89514: ;   {poll_return}
  0x00007f8226f89514: 493b a778 | 0300 000f | 87bc 0000 | 00c3 81c3 | 8000 0000 

  0x00007f8226f89528: ;   {oop(a 'java/lang/Integer'[256] {0x00000000fff84130})}
  0x00007f8226f89528: 48b8 3041 | f8ff 0000 | 0000 4863 | db8b 4498 | 1048 83c4 

  0x00007f8226f8953c: ;   {poll_return}
  0x00007f8226f8953c: 605d 493b | a778 0300 | 000f 87ad | 0000 00c3 

  0x00007f8226f8954c: ;   {metadata({method} {0x000000080003f598} 'valueOf' '(I)Ljava/lang/Integer;' in 'java/lang/Integer')}
  0x00007f8226f8954c: 49ba 98f5 | 0300 0800 | 0000 4c89 | 5424 0848 | c704 24ff 

  0x00007f8226f89560: ;   {runtime_call counter_overflow Runtime1 stub}
  0x00007f8226f89560: ffff ffe8 

  0x00007f8226f89564: ; ImmutableOopMap {}
                      ;*synchronization entry
                      ; - java.lang.Integer::valueOf@-1 (line 1072)
  0x00007f8226f89564: 9888 2707 | e92a feff | ff48 8bd2 

  0x00007f8226f89570: ;   {runtime_call fast_new_instance Runtime1 stub}
  0x00007f8226f89570: e80b 2b27 

  0x00007f8226f89574: ; ImmutableOopMap {}
                      ;*new {reexecute=0 rethrow=0 return_oop=0}
                      ; - java.lang.Integer::valueOf@23 (line 1074)
  0x00007f8226f89574: 07e9 dbfe 

  0x00007f8226f89578: ;   {metadata({method} {0x000000080003eeb8} '<init>' '(I)V' in 'java/lang/Integer')}
  0x00007f8226f89578: ffff 49ba | b8ee 0300 | 0800 0000 | 4c89 5424 | 0848 c704 | 24ff ffff 

  0x00007f8226f89590: ;   {runtime_call counter_overflow Runtime1 stub}
  0x00007f8226f89590: ffe8 6a88 

  0x00007f8226f89594: ; ImmutableOopMap {rax=Oop }
                      ;*synchronization entry
                      ; - java.lang.Integer::<init>@-1 (line 1097)
                      ; - java.lang.Integer::valueOf@28 (line 1074)
  0x00007f8226f89594: 2707 e9f7 

  0x00007f8226f89598: ;   {metadata({method} {0x00000008000383f8} '<init>' '()V' in 'java/lang/Number')}
  0x00007f8226f89598: feff ff49 | baf8 8303 | 0008 0000 | 004c 8954 | 2408 48c7 | 0424 ffff 

  0x00007f8226f895b0: ;   {runtime_call counter_overflow Runtime1 stub}
  0x00007f8226f895b0: ffff e849 

  0x00007f8226f895b4: ; ImmutableOopMap {rax=Oop }
                      ;*synchronization entry
                      ; - java.lang.Number::<init>@-1 (line 59)
                      ; - java.lang.Integer::<init>@1 (line 1097)
                      ; - java.lang.Integer::valueOf@28 (line 1074)
  0x00007f8226f895b4: 8827 07e9 | 13ff ffff 

  0x00007f8226f895bc: ;   {metadata({method} {0x00000008004614f8} '<init>' '()V' in 'java/lang/Object')}
  0x00007f8226f895bc: 49ba f814 | 4600 0800 | 0000 4c89 | 5424 0848 | c704 24ff 

  0x00007f8226f895d0: ;   {runtime_call counter_overflow Runtime1 stub}
  0x00007f8226f895d0: ffff ffe8 

  0x00007f8226f895d4: ; ImmutableOopMap {rax=Oop }
                      ;*synchronization entry
                      ; - java.lang.Object::<init>@-1 (line 45)
                      ; - java.lang.Number::<init>@1 (line 59)
                      ; - java.lang.Integer::<init>@1 (line 1097)
                      ; - java.lang.Integer::valueOf@28 (line 1074)
  0x00007f8226f895d4: 2888 2707 | e92f ffff 

  0x00007f8226f895dc: ;   {internal_word}
  0x00007f8226f895dc: ff49 ba14 | 95f8 2682 | 7f00 004d | 8997 9003 

  0x00007f8226f895ec: ;   {runtime_call SafepointBlob}
  0x00007f8226f895ec: 0000 e90d 

  0x00007f8226f895f0: ;   {runtime_call throw_null_pointer_exception Runtime1 stub}
  0x00007f8226f895f0: 0f1d 07e8 

  0x00007f8226f895f4: ; ImmutableOopMap {}
                      ;*aaload {reexecute=0 rethrow=0 return_oop=0}
                      ; - java.lang.Integer::valueOf@21 (line 1073)
  0x00007f8226f895f4: a820 2707 

  0x00007f8226f895f8: ;   {internal_word}
  0x00007f8226f895f8: 49ba 3e95 | f826 827f | 0000 4d89 | 9790 0300 

  0x00007f8226f89608: ;   {runtime_call SafepointBlob}
  0x00007f8226f89608: 00e9 f20e | 1d07 498b | 8720 0400 | 0049 c787 | 2004 0000 | 0000 0000 | 49c7 8728 | 0400 0000 
  0x00007f8226f89628: 0000 0048 | 83c4 605d 

  0x00007f8226f89630: ;   {runtime_call unwind_exception Runtime1 stub}
  0x00007f8226f89630: e94b 1127 | 07f4 f4f4 | f4f4 f4f4 | f4f4 f4f4 
[Exception Handler]
  0x00007f8226f89640: ;   {no_reloc}
  0x00007f8226f89640: e83b 4227 

  0x00007f8226f89644: ;   {external_word}
  0x00007f8226f89644: 0748 bf21 | 801c 4682 | 7f00 0048 

  0x00007f8226f89650: ;   {runtime_call MacroAssembler::debug64(char*, long, long*)}
  0x00007f8226f89650: 83e4 f0e8 | b8c2 e41e 

  0x00007f8226f89658: ;   {section_word}
  0x00007f8226f89658: f449 ba59 | 96f8 2682 | 7f00 0041 

  0x00007f8226f89664: ;   {runtime_call DeoptimizationBlob}
  0x00007f8226f89664: 52e9 5625 | 1d07 f4f4 | f4f4 f4f4 
[/MachCode]


---------------  P R O C E S S  ---------------

Threads class SMR info:
_java_thread_list=0x00007f81dc016e70, length=13, elements={
0x00007f82400265f0, 0x00007f82400c2e80, 0x00007f82400c4240, 0x00007f82400c5870,
0x00007f82400c6cf0, 0x00007f82400c8160, 0x00007f82400c9bd0, 0x00007f82400cb160,
0x00007f82400d4620, 0x00007f82400e4be0, 0x00007f824012c050, 0x00007f82409defc0,
0x00007f81c0009700
}

Java Threads: ( => current thread )
  0x00007f82400265f0 JavaThread "main" [_thread_in_Java, id=4325, stack(0x00007f824509c000,0x00007f824519c000)]
  0x00007f82400c2e80 JavaThread "Reference Handler" daemon [_thread_blocked, id=4332, stack(0x00007f8224541000,0x00007f8224641000)]
  0x00007f82400c4240 JavaThread "Finalizer" daemon [_thread_blocked, id=4333, stack(0x00007f8224441000,0x00007f8224541000)]
  0x00007f82400c5870 JavaThread "Signal Dispatcher" daemon [_thread_blocked, id=4334, stack(0x00007f8224341000,0x00007f8224441000)]
  0x00007f82400c6cf0 JavaThread "Service Thread" daemon [_thread_blocked, id=4335, stack(0x00007f8224241000,0x00007f8224341000)]
  0x00007f82400c8160 JavaThread "Monitor Deflation Thread" daemon [_thread_blocked, id=4336, stack(0x00007f8224141000,0x00007f8224241000)]
  0x00007f82400c9bd0 JavaThread "JVMCI-native CompilerThread0" daemon [_thread_blocked, id=4337, stack(0x00007f81f3e00000,0x00007f81f4000000)]
  0x00007f82400cb160 JavaThread "C1 CompilerThread0" daemon [_thread_blocked, id=4338, stack(0x00007f81f3c00000,0x00007f81f3e00000)]
  0x00007f82400d4620 JavaThread "Sweeper thread" daemon [_thread_blocked, id=4339, stack(0x00007f8224041000,0x00007f8224141000)]
  0x00007f82400e4be0 JavaThread "Common-Cleaner" daemon [_thread_blocked, id=4341, stack(0x00007f81f3900000,0x00007f81f3a00000)]
  0x00007f824012c050 JavaThread "Notification Thread" daemon [_thread_blocked, id=4342, stack(0x00007f81f3800000,0x00007f81f3900000)]
  0x00007f82409defc0 JavaThread "pool-1-thread-1" [_thread_blocked, id=4345, stack(0x00007f81f1100000,0x00007f81f1200000)]
=>0x00007f81c0009700 JavaThread "process reaper (pid 4349)" daemon [_thread_in_vm, id=4350, stack(0x00007f8235c0f000,0x00007f8235c31000)]

Other Threads:
  0x00007f82400bb120 VMThread "VM Thread" [stack: 0x00007f822492e000,0x00007f8224a2e000] [id=4331]
  0x00007f824012da80 WatcherThread "VM Periodic Task Thread" [stack: 0x00007f81f3700000,0x00007f81f3800000] [id=4343]
  0x00007f824004b6b0 WorkerThread "GC Thread#0" [stack: 0x00007f82446f9000,0x00007f82447f9000] [id=4326]
  0x00007f82040066a0 WorkerThread "GC Thread#1" [stack: 0x00007f81f35fe000,0x00007f81f36fe000] [id=4344]
  0x00007f8204008380 WorkerThread "GC Thread#2" [stack: 0x00007f81f0100000,0x00007f81f0200000] [id=4346]
  0x00007f8204008d00 WorkerThread "GC Thread#3" [stack: 0x00007f81d0500000,0x00007f81d0600000] [id=4347]
  0x00007f824004d0b0 ConcurrentGCThread "G1 Main Marker" [stack: 0x00007f82445f7000,0x00007f82446f7000] [id=4327]
  0x00007f824004dfd0 WorkerThread "G1 Conc#0" [stack: 0x00007f82444f5000,0x00007f82445f5000] [id=4328]
  0x00007f8240096000 ConcurrentGCThread "G1 Refine#0" [stack: 0x00007f8235cc4000,0x00007f8235dc4000] [id=4329]
  0x00007f8240096fe0 ConcurrentGCThread "G1 Service" [stack: 0x00007f8224b00000,0x00007f8224c00000] [id=4330]

Threads with active compile tasks:

VM state: not at safepoint (normal execution)

VM Mutex/Monitor currently owned by a thread:  ([mutex/lock_event])
[0x00007f82400252a0] Heap_lock - owner thread: 0x00007f81c0009700

Heap address: 0x00000000fc000000, size: 64 MB, Compressed Oops mode: 32-bit

CDS archive(s) mapped at: [0x0000000800000000-0x0000000800c36000-0x0000000800c36000), size 12804096, SharedBaseAddress: 0x0000000800000000, ArchiveRelocationMode: 0.
Compressed class space mapped at: 0x0000000801000000-0x0000000841000000, reserved size: 1073741824
Narrow klass base: 0x0000000800000000, Narrow klass shift: 0, Narrow klass range: 0x100000000

GC Precious Log:
 CardTable entry size: 512
 Card Set container configuration: InlinePtr #cards 5 size 8 Array Of Cards #cards 12 size 40 Howl #buckets 4 coarsen threshold 1843 Howl Bitmap #cards 512 size 80 coarsen threshold 460 Card regions per heap region 1 cards per card region 2048
 CPUs: 4 total, 4 available
 Memory: 7965M
 Large Page Support: Disabled
 NUMA Support: Disabled
 Compressed Oops: Enabled (32-bit)
 Heap Region Size: 1M
 Heap Min Capacity: 64M
 Heap Initial Capacity: 64M
 Heap Max Capacity: 64M
 Pre-touch: Disabled
 Parallel Workers: 4
 Concurrent Workers: 1
 Concurrent Refinement Workers: 4
 Periodic GC: Disabled

Heap:
 garbage-first heap   total 65536K, used 14580K [0x00000000fc000000, 0x0000000100000000)
  region size 1024K, 3 young (3072K), 2 survivors (2048K)
 Metaspace       used 10551K, committed 10816K, reserved 1114112K
  class space    used 1257K, committed 1408K, reserved 1048576K

Heap Regions: E=young(eden), S=young(survivor), O=old, HS=humongous(starts), HC=humongous(continues), CS=collection set, F=free, OA=open archive, CA=closed archive, TAMS=top-at-mark-start (previous, next)
|   0|0x00000000fc000000, 0x00000000fc100000, 0x00000000fc100000|100%|HS|  |TAMS 0x00000000fc000000, 0x00000000fc000000| Complete 
|   1|0x00000000fc100000, 0x00000000fc200000, 0x00000000fc200000|100%|HC|  |TAMS 0x00000000fc100000, 0x00000000fc100000| Complete 
|   2|0x00000000fc200000, 0x00000000fc300000, 0x00000000fc300000|100%|HC|  |TAMS 0x00000000fc200000, 0x00000000fc200000| Complete 
|   3|0x00000000fc300000, 0x00000000fc400000, 0x00000000fc400000|100%| O|  |TAMS 0x00000000fc300000, 0x00000000fc300000| Untracked 
|   4|0x00000000fc400000, 0x00000000fc500000, 0x00000000fc500000|100%| O|  |TAMS 0x00000000fc400000, 0x00000000fc400000| Untracked 
|   5|0x00000000fc500000, 0x00000000fc600000, 0x00000000fc600000|100%| O|  |TAMS 0x00000000fc500000, 0x00000000fc500000| Untracked 
|   6|0x00000000fc600000, 0x00000000fc700000, 0x00000000fc700000|100%| O|  |TAMS 0x00000000fc600000, 0x00000000fc600000| Untracked 
|   7|0x00000000fc700000, 0x00000000fc800000, 0x00000000fc800000|100%| O|  |TAMS 0x00000000fc700000, 0x00000000fc700000| Untracked 
|   8|0x00000000fc800000, 0x00000000fc900000, 0x00000000fc900000|100%| O|  |TAMS 0x00000000fc800000, 0x00000000fc800000| Untracked 
|   9|0x00000000fc900000, 0x00000000fc9e9600, 0x00000000fca00000| 91%| O|  |TAMS 0x00000000fc900000, 0x00000000fc900000| Untracked 
|  10|0x00000000fca00000, 0x00000000fca00000, 0x00000000fcb00000|  0%| F|  |TAMS 0x00000000fca00000, 0x00000000fca00000| Untracked 
|  11|0x00000000fcb00000, 0x00000000fcb00000, 0x00000000fcc00000|  0%| F|  |TAMS 0x00000000fcb00000, 0x00000000fcb00000| Untracked 
|  12|0x00000000fcc00000, 0x00000000fcc00000, 0x00000000fcd00000|  0%| F|  |TAMS 0x00000000fcc00000, 0x00000000fcc00000| Untracked 
|  13|0x00000000fcd00000, 0x00000000fcd00000, 0x00000000fce00000|  0%| F|  |TAMS 0x00000000fcd00000, 0x00000000fcd00000| Untracked 
|  14|0x00000000fce00000, 0x00000000fce00000, 0x00000000fcf00000|  0%| F|  |TAMS 0x00000000fce00000, 0x00000000fce00000| Untracked 
|  15|0x00000000fcf00000, 0x00000000fcf00000, 0x00000000fd000000|  0%| F|  |TAMS 0x00000000fcf00000, 0x00000000fcf00000| Untracked 
|  16|0x00000000fd000000, 0x00000000fd000000, 0x00000000fd100000|  0%| F|  |TAMS 0x00000000fd000000, 0x00000000fd000000| Untracked 
|  17|0x00000000fd100000, 0x00000000fd100000, 0x00000000fd200000|  0%| F|  |TAMS 0x00000000fd100000, 0x00000000fd100000| Untracked 
|  18|0x00000000fd200000, 0x00000000fd200000, 0x00000000fd300000|  0%| F|  |TAMS 0x00000000fd200000, 0x00000000fd200000| Untracked 
|  19|0x00000000fd300000, 0x00000000fd300000, 0x00000000fd400000|  0%| F|  |TAMS 0x00000000fd300000, 0x00000000fd300000| Untracked 
|  20|0x00000000fd400000, 0x00000000fd400000, 0x00000000fd500000|  0%| F|  |TAMS 0x00000000fd400000, 0x00000000fd400000| Untracked 
|  21|0x00000000fd500000, 0x00000000fd500000, 0x00000000fd600000|  0%| F|  |TAMS 0x00000000fd500000, 0x00000000fd500000| Untracked 
|  22|0x00000000fd600000, 0x00000000fd600000, 0x00000000fd700000|  0%| F|  |TAMS 0x00000000fd600000, 0x00000000fd600000| Untracked 
|  23|0x00000000fd700000, 0x00000000fd700000, 0x00000000fd800000|  0%| F|  |TAMS 0x00000000fd700000, 0x00000000fd700000| Untracked 
|  24|0x00000000fd800000, 0x00000000fd800000, 0x00000000fd900000|  0%| F|  |TAMS 0x00000000fd800000, 0x00000000fd800000| Untracked 
|  25|0x00000000fd900000, 0x00000000fd900000, 0x00000000fda00000|  0%| F|  |TAMS 0x00000000fd900000, 0x00000000fd900000| Untracked 
|  26|0x00000000fda00000, 0x00000000fda00000, 0x00000000fdb00000|  0%| F|  |TAMS 0x00000000fda00000, 0x00000000fda00000| Untracked 
|  27|0x00000000fdb00000, 0x00000000fdb00000, 0x00000000fdc00000|  0%| F|  |TAMS 0x00000000fdb00000, 0x00000000fdb00000| Untracked 
|  28|0x00000000fdc00000, 0x00000000fdc00000, 0x00000000fdd00000|  0%| F|  |TAMS 0x00000000fdc00000, 0x00000000fdc00000| Untracked 
|  29|0x00000000fdd00000, 0x00000000fdd00000, 0x00000000fde00000|  0%| F|  |TAMS 0x00000000fdd00000, 0x00000000fdd00000| Untracked 
|  30|0x00000000fde00000, 0x00000000fde00000, 0x00000000fdf00000|  0%| F|  |TAMS 0x00000000fde00000, 0x00000000fde00000| Untracked 
|  31|0x00000000fdf00000, 0x00000000fdf00000, 0x00000000fe000000|  0%| F|  |TAMS 0x00000000fdf00000, 0x00000000fdf00000| Untracked 
|  32|0x00000000fe000000, 0x00000000fe000000, 0x00000000fe100000|  0%| F|  |TAMS 0x00000000fe000000, 0x00000000fe000000| Untracked 
|  33|0x00000000fe100000, 0x00000000fe100000, 0x00000000fe200000|  0%| F|  |TAMS 0x00000000fe100000, 0x00000000fe100000| Untracked 
|  34|0x00000000fe200000, 0x00000000fe281cb8, 0x00000000fe300000| 50%| S|CS|TAMS 0x00000000fe200000, 0x00000000fe200000| Complete 
|  35|0x00000000fe300000, 0x00000000fe400000, 0x00000000fe400000|100%| S|CS|TAMS 0x00000000fe300000, 0x00000000fe300000| Complete 
|  36|0x00000000fe400000, 0x00000000fe400000, 0x00000000fe500000|  0%| F|  |TAMS 0x00000000fe400000, 0x00000000fe400000| Untracked 
|  37|0x00000000fe500000, 0x00000000fe500000, 0x00000000fe600000|  0%| F|  |TAMS 0x00000000fe500000, 0x00000000fe500000| Untracked 
|  38|0x00000000fe600000, 0x00000000fe600000, 0x00000000fe700000|  0%| F|  |TAMS 0x00000000fe600000, 0x00000000fe600000| Untracked 
|  39|0x00000000fe700000, 0x00000000fe700000, 0x00000000fe800000|  0%| F|  |TAMS 0x00000000fe700000, 0x00000000fe700000| Untracked 
|  40|0x00000000fe800000, 0x00000000fe800000, 0x00000000fe900000|  0%| F|  |TAMS 0x00000000fe800000, 0x00000000fe800000| Untracked 
|  41|0x00000000fe900000, 0x00000000fe900000, 0x00000000fea00000|  0%| F|  |TAMS 0x00000000fe900000, 0x00000000fe900000| Untracked 
|  42|0x00000000fea00000, 0x00000000fea00000, 0x00000000feb00000|  0%| F|  |TAMS 0x00000000fea00000, 0x00000000fea00000| Untracked 
|  43|0x00000000feb00000, 0x00000000feb00000, 0x00000000fec00000|  0%| F|  |TAMS 0x00000000feb00000, 0x00000000feb00000| Untracked 
|  44|0x00000000fec00000, 0x00000000fec00000, 0x00000000fed00000|  0%| F|  |TAMS 0x00000000fec00000, 0x00000000fec00000| Untracked 
|  45|0x00000000fed00000, 0x00000000fed00000, 0x00000000fee00000|  0%| F|  |TAMS 0x00000000fed00000, 0x00000000fed00000| Untracked 
|  46|0x00000000fee00000, 0x00000000fee00000, 0x00000000fef00000|  0%| F|  |TAMS 0x00000000fee00000, 0x00000000fee00000| Untracked 
|  47|0x00000000fef00000, 0x00000000fef00000, 0x00000000ff000000|  0%| F|  |TAMS 0x00000000fef00000, 0x00000000fef00000| Untracked 
|  48|0x00000000ff000000, 0x00000000ff000000, 0x00000000ff100000|  0%| F|  |TAMS 0x00000000ff000000, 0x00000000ff000000| Untracked 
|  49|0x00000000ff100000, 0x00000000ff100000, 0x00000000ff200000|  0%| F|  |TAMS 0x00000000ff100000, 0x00000000ff100000| Untracked 
|  50|0x00000000ff200000, 0x00000000ff200000, 0x00000000ff300000|  0%| F|  |TAMS 0x00000000ff200000, 0x00000000ff200000| Untracked 
|  51|0x00000000ff300000, 0x00000000ff300000, 0x00000000ff400000|  0%| F|  |TAMS 0x00000000ff300000, 0x00000000ff300000| Untracked 
|  52|0x00000000ff400000, 0x00000000ff400000, 0x00000000ff500000|  0%| F|  |TAMS 0x00000000ff400000, 0x00000000ff400000| Untracked 
|  53|0x00000000ff500000, 0x00000000ff500000, 0x00000000ff600000|  0%| F|  |TAMS 0x00000000ff500000, 0x00000000ff500000| Untracked 
|  54|0x00000000ff600000, 0x00000000ff600000, 0x00000000ff700000|  0%| F|  |TAMS 0x00000000ff600000, 0x00000000ff600000| Untracked 
|  55|0x00000000ff700000, 0x00000000ff700000, 0x00000000ff800000|  0%| F|  |TAMS 0x00000000ff700000, 0x00000000ff700000| Untracked 
|  56|0x00000000ff800000, 0x00000000ff800000, 0x00000000ff900000|  0%| F|  |TAMS 0x00000000ff800000, 0x00000000ff800000| Untracked 
|  57|0x00000000ff900000, 0x00000000ff900000, 0x00000000ffa00000|  0%| F|  |TAMS 0x00000000ff900000, 0x00000000ff900000| Untracked 
|  58|0x00000000ffa00000, 0x00000000ffa00000, 0x00000000ffb00000|  0%| F|  |TAMS 0x00000000ffa00000, 0x00000000ffa00000| Untracked 
|  59|0x00000000ffb00000, 0x00000000ffb00000, 0x00000000ffc00000|  0%| F|  |TAMS 0x00000000ffb00000, 0x00000000ffb00000| Untracked 
|  60|0x00000000ffc00000, 0x00000000ffc00000, 0x00000000ffd00000|  0%| F|  |TAMS 0x00000000ffc00000, 0x00000000ffc00000| Untracked 
|  61|0x00000000ffd00000, 0x00000000ffe00000, 0x00000000ffe00000|100%| E|CS|TAMS 0x00000000ffd00000, 0x00000000ffd00000| Complete 
|  62|0x00000000ffe00000, 0x00000000ffe47000, 0x00000000fff00000| 27%|OA|  |TAMS 0x00000000ffe00000, 0x00000000ffe00000| Untracked 
|  63|0x00000000fff00000, 0x00000000fff8b000, 0x0000000100000000| 54%|CA|  |TAMS 0x00000000fff00000, 0x00000000fff00000| Untracked 

Card table byte_map: [0x00007f8244a1c000,0x00007f8244a3c000] _byte_map_base: 0x00007f824423c000

Marking Bits (Prev, Next): (CMBitMap*) 0x00007f824004c140, (CMBitMap*) 0x00007f824004c180
 Prev Bits: [0x00007f82448fc000, 0x00007f82449fc000)
 Next Bits: [0x00007f82447fc000, 0x00007f82448fc000)

Polling page: 0x00007f8245079000

Metaspace:

Usage:
  Non-class:      9.08 MB used.
      Class:      1.23 MB used.
       Both:     10.30 MB used.

Virtual space:
  Non-class space:       64.00 MB reserved,       9.19 MB ( 14%) committed,  1 nodes.
      Class space:        1.00 GB reserved,       1.38 MB ( <1%) committed,  1 nodes.
             Both:        1.06 GB reserved,      10.56 MB ( <1%) committed. 

Chunk freelists:
   Non-Class:  2.50 MB
       Class:  2.57 MB
        Both:  5.07 MB

MaxMetaspaceSize: unlimited
CompressedClassSpaceSize: 1.00 GB
Initial GC threshold: 21.00 MB
Current GC threshold: 21.00 MB
CDS: on
MetaspaceReclaimPolicy: balanced
 - commit_granule_bytes: 65536.
 - commit_granule_words: 8192.
 - virtual_space_node_default_size: 8388608.
 - enlarge_chunks_in_place: 1.
 - new_chunks_are_fully_committed: 0.
 - uncommit_free_chunks: 1.
 - use_allocation_guard: 0.


Internal statistics:

num_allocs_failed_limit: 0.
num_arena_births: 322.
num_arena_deaths: 0.
num_vsnodes_births: 2.
num_vsnodes_deaths: 0.
num_space_committed: 169.
num_space_uncommitted: 0.
num_chunks_returned_to_freelist: 0.
num_chunks_taken_from_freelist: 639.
num_chunk_merges: 0.
num_chunk_splits: 410.
num_chunks_enlarged: 260.
num_inconsistent_stats: 0.

CodeHeap 'non-profiled nmethods': size=119752Kb used=772Kb max_used=772Kb free=118979Kb
 bounds [0x00007f822e70e000, 0x00007f822e97e000, 0x00007f8235c00000]
CodeHeap 'profiled nmethods': size=119752Kb used=4237Kb max_used=4237Kb free=115514Kb
 bounds [0x00007f8226c00000, 0x00007f8227030000, 0x00007f822e0f2000]
CodeHeap 'non-nmethods': size=6256Kb used=1281Kb max_used=1846Kb free=4974Kb
 bounds [0x00007f822e0f2000, 0x00007f822e362000, 0x00007f822e70e000]
 total_blobs=2571 nmethods=2086 adapters=398
 compilation: enabled
              stopped_count=0, restarted_count=0
 full_count=0

JVMCI Events (20 events):
Event: 56.467 Thread 0x00007f82400c9bd0 compacted oop handles in JVMCI runtime 0 from 78 to 76
Event: 56.506 Thread 0x00007f82400c9bd0 compacted oop handles in JVMCI runtime 0 from 103 to 101
Event: 56.506 Thread 0x00007f82400c9bd0 compacted oop handles in JVMCI runtime 0 from 102 to 71
Event: 56.534 Thread 0x00007f82400c9bd0 compacted oop handles in JVMCI runtime 0 from 153 to 135
Event: 56.562 Thread 0x00007f82400c9bd0 compacted oop handles in JVMCI runtime 0 from 198 to 145
Event: 56.562 Thread 0x00007f82400c9bd0 compacted oop handles in JVMCI runtime 0 from 146 to 113
Event: 56.617 Thread 0x00007f82400c9bd0 compacted oop handles in JVMCI runtime 0 from 177 to 141
Event: 56.617 Thread 0x00007f82400c9bd0 compacted oop handles in JVMCI runtime 0 from 142 to 89
Event: 56.620 Thread 0x00007f82400c9bd0 compacted oop handles in JVMCI runtime 0 from 107 to 103
Event: 56.669 Thread 0x00007f82400c9bd0 compacted oop handles in JVMCI runtime 0 from 149 to 113
Event: 56.669 Thread 0x00007f82400c9bd0 compacted oop handles in JVMCI runtime 0 from 114 to 91
Event: 56.713 Thread 0x00007f82400c9bd0 compacted oop handles in JVMCI runtime 0 from 124 to 94
Event: 56.713 Thread 0x00007f82400c9bd0 compacted oop handles in JVMCI runtime 0 from 95 to 91
Event: 56.719 Thread 0x00007f82400c9bd0 compacted oop handles in JVMCI runtime 0 from 112 to 108
Event: 56.725 Thread 0x00007f82400c9bd0 compacted oop handles in JVMCI runtime 0 from 112 to 108
Event: 56.731 Thread 0x00007f82400c9bd0 compacted oop handles in JVMCI runtime 0 from 117 to 116
Event: 56.743 Thread 0x00007f82400c9bd0 compacted oop handles in JVMCI runtime 0 from 122 to 120
Event: 56.758 Thread 0x00007f82400c9bd0 compacted oop handles in JVMCI runtime 0 from 122 to 120
Event: 56.758 Thread 0x00007f82400c9bd0 compacted oop handles in JVMCI runtime 0 from 121 to 66
Event: 56.814 Thread 0x00007f82400c9bd0 compacted oop handles in JVMCI runtime 0 from 98 to 97

Compilation events (20 events):
Event: 56.763 Thread 0x00007f82400c9bd0 2076       4       java.nio.Buffer::position (52 bytes)
Event: 56.764 Thread 0x00007f82400c9bd0 nmethod 2076 0x00007f822e7cd410 code [0x00007f822e7cd580, 0x00007f822e7cd620]
Event: 56.792 Thread 0x00007f82400c9bd0 2077       4       org.gradle.internal.logging.sink.GroupingProgressLogEventGenerator::onOutput (108 bytes)
Event: 56.796 Thread 0x00007f82400c9bd0 nmethod 2077 0x00007f822e7cd710 code [0x00007f822e7cd8e0, 0x00007f822e7cdaa0]
Event: 56.812 Thread 0x00007f82400c9bd0 2078       4       java.util.concurrent.locks.ReentrantLock$NonfairSync::initialTryLock (58 bytes)
Event: 56.814 Thread 0x00007f82400c9bd0 nmethod 2078 0x00007f822e7cdc90 code [0x00007f822e7cde00, 0x00007f822e7cdf58]
Event: 56.828 Thread 0x00007f82400c9bd0 2079       4       java.nio.MappedByteBuffer::position (6 bytes)
Event: 56.829 Thread 0x00007f82400c9bd0 nmethod 2079 0x00007f822e7ce010 code [0x00007f822e7ce180, 0x00007f822e7ce220]
Event: 56.897 Thread 0x00007f82400c9bd0 2080   !   4       java.lang.Thread::blockedOn (27 bytes)
Event: 56.900 Thread 0x00007f82400c9bd0 nmethod 2080 0x00007f822e7ce310 code [0x00007f822e7ce4a0, 0x00007f822e7ce750]
Event: 57.682 Thread 0x00007f82400c9bd0 2081   !   4       sun.nio.ch.SelectorImpl::processDeregisterQueue (145 bytes)
Event: 57.688 Thread 0x00007f82400c9bd0 nmethod 2081 0x00007f822e7ce810 code [0x00007f822e7ce9a0, 0x00007f822e7ced00]
Event: 57.730 Thread 0x00007f82400cb160 2082       3       java.lang.ref.Reference::enqueueFromPending (19 bytes)
Event: 57.730 Thread 0x00007f82400cb160 nmethod 2082 0x00007f8227021a90 code [0x00007f8227021c40, 0x00007f8227021fc0]
Event: 57.730 Thread 0x00007f82400cb160 2083       3       java.lang.ref.ReferenceQueue::enqueue0 (98 bytes)
Event: 57.730 Thread 0x00007f82400cb160 nmethod 2083 0x00007f8227022090 code [0x00007f8227022280, 0x00007f8227022b80]
Event: 57.730 Thread 0x00007f82400cb160 2085   !   3       java.lang.ref.NativeReferenceQueue::enqueue (20 bytes)
Event: 57.730 Thread 0x00007f82400cb160 nmethod 2085 0x00007f8227022c90 code [0x00007f8227022e40, 0x00007f8227023060]
Event: 57.730 Thread 0x00007f82400cb160 2086       3       java.lang.ref.NativeReferenceQueue::signal (8 bytes)
Event: 57.731 Thread 0x00007f82400cb160 nmethod 2086 0x00007f8227023190 code [0x00007f8227023340, 0x00007f8227023480]

GC Heap History (6 events):
Event: 0.781 GC heap before
{Heap before GC invocations=0 (full 0):
 garbage-first heap   total 65536K, used 13128K [0x00000000fc000000, 0x0000000100000000)
  region size 1024K, 13 young (13312K), 0 survivors (0K)
 Metaspace       used 1944K, committed 2048K, reserved 1114112K
  class space    used 159K, committed 192K, reserved 1048576K
}
Event: 0.786 GC heap after
{Heap after GC invocations=1 (full 0):
 garbage-first heap   total 65536K, used 2120K [0x00000000fc000000, 0x0000000100000000)
  region size 1024K, 2 young (2048K), 2 survivors (2048K)
 Metaspace       used 1944K, committed 2048K, reserved 1114112K
  class space    used 159K, committed 192K, reserved 1048576K
}
Event: 1.652 GC heap before
{Heap before GC invocations=1 (full 0):
 garbage-first heap   total 65536K, used 32840K [0x00000000fc000000, 0x0000000100000000)
  region size 1024K, 30 young (30720K), 2 survivors (2048K)
 Metaspace       used 5493K, committed 5632K, reserved 1114112K
  class space    used 656K, committed 704K, reserved 1048576K
}
Event: 1.659 GC heap after
{Heap after GC invocations=2 (full 0):
 garbage-first heap   total 65536K, used 11427K [0x00000000fc000000, 0x0000000100000000)
  region size 1024K, 4 young (4096K), 4 survivors (4096K)
 Metaspace       used 5493K, committed 5632K, reserved 1114112K
  class space    used 656K, committed 704K, reserved 1048576K
}
Event: 57.721 GC heap before
{Heap before GC invocations=2 (full 0):
 garbage-first heap   total 65536K, used 38051K [0x00000000fc000000, 0x0000000100000000)
  region size 1024K, 30 young (30720K), 4 survivors (4096K)
 Metaspace       used 10547K, committed 10816K, reserved 1114112K
  class space    used 1257K, committed 1408K, reserved 1048576K
}
Event: 57.729 GC heap after
{Heap after GC invocations=3 (full 0):
 garbage-first heap   total 65536K, used 12532K [0x00000000fc000000, 0x0000000100000000)
  region size 1024K, 2 young (2048K), 2 survivors (2048K)
 Metaspace       used 10547K, committed 10816K, reserved 1114112K
  class space    used 1257K, committed 1408K, reserved 1048576K
}

Dll operation events (14 events):
Event: 0.073 Loaded shared library /nix/store/c8hr2f0b0dm685yx1dkp6bw24bpx495n-graalvm19-ce-22.3.1/lib/libjava.so
Event: 0.132 Loaded shared library /nix/store/c8hr2f0b0dm685yx1dkp6bw24bpx495n-graalvm19-ce-22.3.1/lib/libjsvml.so
Event: 0.201 Loaded shared library /nix/store/c8hr2f0b0dm685yx1dkp6bw24bpx495n-graalvm19-ce-22.3.1/lib/libnio.so
Event: 0.206 Loaded shared library /nix/store/c8hr2f0b0dm685yx1dkp6bw24bpx495n-graalvm19-ce-22.3.1/lib/libzip.so
Event: 0.212 Loaded shared library /nix/store/c8hr2f0b0dm685yx1dkp6bw24bpx495n-graalvm19-ce-22.3.1/lib/libverify.so
Event: 0.273 Loaded shared library /nix/store/c8hr2f0b0dm685yx1dkp6bw24bpx495n-graalvm19-ce-22.3.1/lib/libjvmcicompiler.so
Event: 0.368 Loaded shared library /nix/store/c8hr2f0b0dm685yx1dkp6bw24bpx495n-graalvm19-ce-22.3.1/lib/libnet.so
Event: 0.924 Loaded shared library /nix/store/c8hr2f0b0dm685yx1dkp6bw24bpx495n-graalvm19-ce-22.3.1/lib/libjimage.so
Event: 1.439 Loaded shared library /nix/store/c8hr2f0b0dm685yx1dkp6bw24bpx495n-graalvm19-ce-22.3.1/lib/libmanagement.so
Event: 1.466 Loaded shared library /nix/store/c8hr2f0b0dm685yx1dkp6bw24bpx495n-graalvm19-ce-22.3.1/lib/libmanagement_ext.so
Event: 1.533 Loaded shared library /home/runner/.gradle/native/1def1411415f61bf3af743bc5b6707747c0891f09f0c88961ee8f79bc544acac/linux-amd64/libnative-platform.so
Event: 1.572 Loading shared library /home/runner/.gradle/native/1def1411415f61bf3af743bc5b6707747c0891f09f0c88961ee8f79bc544acac/linux-amd64-ncurses5/libnative-platform-curses.so failed, libtinfo.so.5: cannot open shared object file: No such file or directory
Event: 1.575 Loading shared library /home/runner/.gradle/native/1def1411415f61bf3af743bc5b6707747c0891f09f0c88961ee8f79bc544acac/linux-amd64-ncurses6/libnative-platform-curses.so failed, libncursesw.so.6: cannot open shared object file: No such file or directory
Event: 1.788 Loaded shared library /nix/store/c8hr2f0b0dm685yx1dkp6bw24bpx495n-graalvm19-ce-22.3.1/lib/libextnet.so

Deoptimization events (20 events):
Event: 43.746 Thread 0x00007f82400265f0 DEOPT PACKING pc=0x00007f8226fd837f sp=0x00007f8245196920
Event: 43.746 Thread 0x00007f82400265f0 DEOPT UNPACKING pc=0x00007f822e15c745 sp=0x00007f8245195db0 mode 0
Event: 51.350 Thread 0x00007f82400265f0 DEOPT PACKING pc=0x00007f8226fd837f sp=0x00007f8245196920
Event: 51.350 Thread 0x00007f82400265f0 DEOPT UNPACKING pc=0x00007f822e15c745 sp=0x00007f8245195db0 mode 0
Event: 51.737 Thread 0x00007f82400265f0 DEOPT PACKING pc=0x00007f8226f6f9d5 sp=0x00007f8245196a90
Event: 51.737 Thread 0x00007f82400265f0 DEOPT UNPACKING pc=0x00007f822e15c745 sp=0x00007f8245195f48 mode 0
Event: 52.681 Thread 0x00007f82400265f0 DEOPT PACKING pc=0x00007f8226fd837f sp=0x00007f8245196920
Event: 52.681 Thread 0x00007f82400265f0 DEOPT UNPACKING pc=0x00007f822e15c745 sp=0x00007f8245195db0 mode 0
Event: 56.414 Thread 0x00007f82400265f0 Uncommon trap: trap_request=0xffffffcd fr.pc=0x00007f822e7bcde8 relative=0x00000000000005a8
Event: 56.414 Thread 0x00007f82400265f0 Uncommon trap: reason=intrinsic_or_type_checked_inlining action=reinterpret pc=0x00007f822e7bcde8 method=org.gradle.internal.logging.console.ThrottlingOutputEventListener.onOutput(Lorg/gradle/internal/logging/events/OutputEvent;)V @ 0 jvmci
Event: 56.414 Thread 0x00007f82400265f0 DEOPT PACKING pc=0x00007f822e7bcde8 sp=0x00007f8245196ad0
Event: 56.414 Thread 0x00007f82400265f0 DEOPT UNPACKING pc=0x00007f822e15c745 sp=0x00007f8245195f98 mode 3
Event: 56.586 Thread 0x00007f82409defc0 Uncommon trap: trap_request=0xffffffcd fr.pc=0x00007f822e7c139d relative=0x000000000000049d
Event: 56.586 Thread 0x00007f82409defc0 Uncommon trap: reason=intrinsic_or_type_checked_inlining action=reinterpret pc=0x00007f822e7c139d method=org.gradle.internal.logging.sink.GroupingProgressLogEventGenerator.onOutput(Lorg/gradle/internal/logging/events/OutputEvent;)V @ 0 jvmci
Event: 56.586 Thread 0x00007f82409defc0 DEOPT PACKING pc=0x00007f822e7c139d sp=0x00007f81f11fbf00
Event: 56.586 Thread 0x00007f82409defc0 DEOPT UNPACKING pc=0x00007f822e15c745 sp=0x00007f81f11fb3a8 mode 3
Event: 58.635 Thread 0x00007f82400265f0 Uncommon trap: trap_request=0xffffffed fr.pc=0x00007f822e7c7729 relative=0x00000000000003e9
Event: 58.635 Thread 0x00007f82400265f0 Uncommon trap: reason=null_assert_or_unreached0 action=reinterpret pc=0x00007f822e7c7729 method=com.esotericsoftware.kryo.io.Input.fill([BII)I @ 19 jvmci
Event: 58.635 Thread 0x00007f82400265f0 DEOPT PACKING pc=0x00007f822e7c7729 sp=0x00007f8245197290
Event: 58.635 Thread 0x00007f82400265f0 DEOPT UNPACKING pc=0x00007f822e15c745 sp=0x00007f82451963e8 mode 3

Classes loaded (20 events):
Event: 3.932 Loading class sun/util/logging/internal/LoggingProviderImpl$JULWrapper
Event: 3.932 Loading class sun/util/logging/PlatformLogger$ConfigurableBridge$LoggerConfiguration
Event: 3.932 Loading class sun/util/logging/PlatformLogger$ConfigurableBridge$LoggerConfiguration done
Event: 3.932 Loading class sun/util/logging/internal/LoggingProviderImpl$JULWrapper done
Event: 3.933 Loading class java/io/ObjectInputFilter$Config$BuiltinFilterFactory
Event: 3.933 Loading class java/io/ObjectInputFilter$Config$BuiltinFilterFactory done
Event: 3.934 Loading class jdk/internal/access/JavaObjectInputFilterAccess
Event: 3.934 Loading class jdk/internal/access/JavaObjectInputFilterAccess done
Event: 3.935 Loading class java/lang/System$Logger$Level
Event: 3.936 Loading class java/lang/System$Logger$Level done
Event: 3.936 Loading class java/io/Bits
Event: 3.936 Loading class java/io/Bits done
Event: 8.229 Loading class jdk/internal/foreign/MemorySessionImpl
Event: 8.229 Loading class java/lang/foreign/MemorySession
Event: 8.229 Loading class java/lang/foreign/SegmentAllocator
Event: 8.229 Loading class java/lang/foreign/SegmentAllocator done
Event: 8.229 Loading class java/lang/foreign/MemorySession done
Event: 8.229 Loading class jdk/internal/foreign/MemorySessionImpl done
Event: 17.012 Loading class java/lang/invoke/MethodHandle$1
Event: 17.012 Loading class java/lang/invoke/MethodHandle$1 done

Classes unloaded (0 events):
No events

Classes redefined (0 events):
No events

Internal exceptions (20 events):
Event: 1.921 Thread 0x00007f82400265f0 Exception <a 'java/lang/NoSuchMethodError'{0x00000000ff51c740}: 'java.lang.Object java.lang.invoke.DirectMethodHandle$Holder.invokeStatic(java.lang.Object, java.lang.Object, java.lang.Object, java.lang.Object, java.lang.Object, java.lang.Object, java.lang.Object, java.lang.Object, java.lang.Object, java.lang.Object, java.lang.Object, java.lang.Object, java.lang.Object, java.lang.Object, java.lang.Object, java.lang.Object, java.lang.Object, java.lang.Object, java.lang.Object)'> (0x00000000ff51c740) 
thrown 
Event: 1.923 Thread 0x00007f82400265f0 Exception <a 'java/lang/NoSuchMethodError'{0x00000000ff546218}: 'java.lang.Object java.lang.invoke.DirectMethodHandle$Holder.invokeStatic(java.lang.Object, java.lang.Object, java.lang.Object, java.lang.Object, java.lang.Object, java.lang.Object, java.lang.Object, java.lang.Object, java.lang.Object, java.lang.Object, java.lang.Object, java.lang.Object, java.lang.Object, java.lang.Object, java.lang.Object, java.lang.Object, java.lang.Object, java.lang.Object, java.lang.Object, java.lang.Object)'> (0x00000000
Event: 1.926 Thread 0x00007f82400265f0 Exception <a 'java/lang/NoSuchMethodError'{0x00000000ff570d18}: 'java.lang.Object java.lang.invoke.DirectMethodHandle$Holder.invokeStatic(java.lang.Object, java.lang.Object, java.lang.Object, java.lang.Object, java.lang.Object, java.lang.Object, java.lang.Object, java.lang.Object, java.lang.Object, java.lang.Object, java.lang.Object, java.lang.Object, java.lang.Object, java.lang.Object, java.lang.Object, java.lang.Object, java.lang.Object, java.lang.Object, java.lang.Object, java.lang.Object, java.lang.Obj
Event: 1.928 Thread 0x00007f82400265f0 Exception <a 'java/lang/NoSuchMethodError'{0x00000000ff59c500}: 'java.lang.Object java.lang.invoke.DirectMethodHandle$Holder.invokeStatic(java.lang.Object, java.lang.Object, java.lang.Object, java.lang.Object, java.lang.Object, java.lang.Object, java.lang.Object, java.lang.Object, java.lang.Object, java.lang.Object, java.lang.Object, java.lang.Object, java.lang.Object, java.lang.Object, java.lang.Object, java.lang.Object, java.lang.Object, java.lang.Object, java.lang.Object, java.lang.Object, java.lang.Obj
Event: 1.929 Thread 0x00007f82400265f0 Exception <a 'java/lang/NoSuchMethodError'{0x00000000ff5c8860}: 'java.lang.Object java.lang.invoke.DirectMethodHandle$Holder.invokeStatic(java.lang.Object, java.lang.Object, java.lang.Object, java.lang.Object, java.lang.Object, java.lang.Object, java.lang.Object, java.lang.Object, java.lang.Object, java.lang.Object, java.lang.Object, java.lang.Object, java.lang.Object, java.lang.Object, java.lang.Object, java.lang.Object, java.lang.Object, java.lang.Object, java.lang.Object, java.lang.Object, java.lang.Obj
Event: 1.931 Thread 0x00007f82400265f0 Exception <a 'java/lang/NoSuchMethodError'{0x00000000ff5f5560}: 'java.lang.Object java.lang.invoke.DirectMethodHandle$Holder.invokeStatic(java.lang.Object, java.lang.Object, java.lang.Object, java.lang.Object, java.lang.Object, java.lang.Object, java.lang.Object, java.lang.Object, java.lang.Object, java.lang.Object, java.lang.Object, java.lang.Object, java.lang.Object, java.lang.Object, java.lang.Object, java.lang.Object, java.lang.Object, java.lang.Object, java.lang.Object, java.lang.Object, java.lang.Obj
Event: 1.933 Thread 0x00007f82400265f0 Exception <a 'java/lang/NoSuchMethodError'{0x00000000ff4241b8}: 'java.lang.Object java.lang.invoke.DirectMethodHandle$Holder.invokeStatic(java.lang.Object, java.lang.Object, java.lang.Object, java.lang.Object, java.lang.Object, java.lang.Object, java.lang.Object, java.lang.Object, java.lang.Object, java.lang.Object, java.lang.Object, java.lang.Object, java.lang.Object, java.lang.Object, java.lang.Object, java.lang.Object, java.lang.Object, java.lang.Object, java.lang.Object, java.lang.Object, java.lang.Obj
Event: 1.936 Thread 0x00007f82400265f0 Exception <a 'java/lang/NoSuchMethodError'{0x00000000ff447630}: 'java.lang.Object java.lang.invoke.DirectMethodHandle$Holder.invokeSpecial(java.lang.Object, java.lang.Object, java.lang.Object, java.lang.Object, java.lang.Object, java.lang.Object, java.lang.Object, java.lang.Object, java.lang.Object, java.lang.Object, java.lang.Object, java.lang.Object, java.lang.Object, java.lang.Object, java.lang.Object, java.lang.Object, java.lang.Object, java.lang.Object, java.lang.Object, java.lang.Object, java.lang.Ob
Event: 1.937 Thread 0x00007f82400265f0 Exception <a 'java/lang/NoSuchMethodError'{0x00000000ff45f4b0}: 'java.lang.Object java.lang.invoke.DirectMethodHandle$Holder.newInvokeSpecial(java.lang.Object, java.lang.Object, java.lang.Object, java.lang.Object, java.lang.Object, java.lang.Object, java.lang.Object, java.lang.Object, java.lang.Object, java.lang.Object, java.lang.Object, java.lang.Object, java.lang.Object, java.lang.Object, java.lang.Object, java.lang.Object, java.lang.Object, java.lang.Object, java.lang.Object, java.lang.Object, java.lang
Event: 1.937 Thread 0x00007f82400265f0 Exception <a 'java/lang/NoSuchMethodError'{0x00000000ff4658d8}: 'java.lang.Object java.lang.invoke.Invokers$Holder.linkToTargetMethod(java.lang.Object, java.lang.Object, java.lang.Object, java.lang.Object, java.lang.Object, java.lang.Object, java.lang.Object, java.lang.Object, java.lang.Object, java.lang.Object, java.lang.Object, java.lang.Object, java.lang.Object, java.lang.Object, java.lang.Object, java.lang.Object, java.lang.Object, java.lang.Object, java.lang.Object, java.lang.Object, java.lang.Object,
Event: 1.937 Thread 0x00007f82400265f0 Exception <a 'java/lang/NoSuchMethodError'{0x00000000ff46ab80}: 'java.lang.Object java.lang.invoke.DirectMethodHandle$Holder.invokeVirtual(java.lang.Object, java.lang.Object, java.lang.Object, java.lang.Object, java.lang.Object, java.lang.Object, java.lang.Object, java.lang.Object, java.lang.Object, java.lang.Object)'> (0x00000000ff46ab80) 
thrown [src/hotspot/share/interpreter/linkResolver.cpp, line 773]
Event: 1.960 Thread 0x00007f82400265f0 Exception <a 'java/lang/NoSuchMethodError'{0x00000000ff37b3e8}: 'java.lang.Object java.lang.invoke.DirectMethodHandle$Holder.invokeVirtual(java.lang.Object, java.lang.Object, java.lang.Object, java.lang.Object, java.lang.Object, java.lang.Object, java.lang.Object, java.lang.Object, java.lang.Object)'> (0x00000000ff37b3e8) 
thrown [src/hotspot/share/interpreter/linkResolver.cpp, line 773]
Event: 1.991 Thread 0x00007f82400265f0 Exception <a 'java/lang/NoSuchMethodError'{0x00000000ff169220}: 'void java.lang.invoke.DirectMethodHandle$Holder.invokeInterface(java.lang.Object, java.lang.Object, java.lang.Object)'> (0x00000000ff169220) 
thrown [src/hotspot/share/interpreter/linkResolver.cpp, line 773]
Event: 2.074 Thread 0x00007f8240b24d30 Exception <a 'java/lang/NoSuchMethodError'{0x00000000feb150d8}: 'java.lang.Object java.lang.invoke.DirectMethodHandle$Holder.invokeStatic(java.lang.Object, long, java.lang.Object)'> (0x00000000feb150d8) 
thrown [src/hotspot/share/interpreter/linkResolver.cpp, line 773]
Event: 2.075 Thread 0x00007f8240b24d30 Exception <a 'java/lang/NoSuchMethodError'{0x00000000feb18b08}: 'java.lang.Object java.lang.invoke.DirectMethodHandle$Holder.invokeStaticInit(java.lang.Object, long, java.lang.Object)'> (0x00000000feb18b08) 
thrown [src/hotspot/share/interpreter/linkResolver.cpp, line 773]
Event: 2.076 Thread 0x00007f8240b24d30 Exception <a 'java/lang/NoSuchMethodError'{0x00000000feb22168}: 'java.lang.Object java.lang.invoke.DirectMethodHandle$Holder.newInvokeSpecial(java.lang.Object, long)'> (0x00000000feb22168) 
thrown [src/hotspot/share/interpreter/linkResolver.cpp, line 773]
Event: 2.077 Thread 0x00007f8240b24d30 Exception <a 'java/lang/NoSuchMethodError'{0x00000000feb2a028}: 'java.lang.Object java.lang.invoke.DirectMethodHandle$Holder.newInvokeSpecial(java.lang.Object, java.lang.Object, java.lang.Object, int)'> (0x00000000feb2a028) 
thrown [src/hotspot/share/interpreter/linkResolver.cpp, line 773]
Event: 2.077 Thread 0x00007f8240b24d30 Exception <a 'java/lang/NoSuchMethodError'{0x00000000feb2e420}: 'java.lang.Object java.lang.invoke.DirectMethodHandle$Holder.invokeSpecial(java.lang.Object, java.lang.Object, java.lang.Object, java.lang.Object, int)'> (0x00000000feb2e420) 
thrown [src/hotspot/share/interpreter/linkResolver.cpp, line 773]
Event: 2.079 Thread 0x00007f8240b24d30 Exception <a 'java/lang/NoSuchMethodError'{0x00000000feb31ff8}: 'java.lang.Object java.lang.invoke.Invokers$Holder.linkToTargetMethod(java.lang.Object, java.lang.Object, int, java.lang.Object)'> (0x00000000feb31ff8) 
thrown [src/hotspot/share/interpreter/linkResolver.cpp, line 773]
Event: 2.081 Thread 0x00007f8240b24d30 Exception <a 'java/lang/NoSuchMethodError'{0x00000000feb3f030}: 'java.lang.Object java.lang.invoke.DirectMethodHandle$Holder.newInvokeSpecial(java.lang.Object, java.lang.Object, int)'> (0x00000000feb3f030) 
thrown [src/hotspot/share/interpreter/linkResolver.cpp, line 773]

VM Operations (20 events):
Event: 30.904 Executing VM operation: Cleanup
Event: 30.905 Executing VM operation: Cleanup done
Event: 31.905 Executing VM operation: Cleanup
Event: 31.905 Executing VM operation: Cleanup done
Event: 38.906 Executing VM operation: Cleanup
Event: 38.910 Executing VM operation: Cleanup done
Event: 39.913 Executing VM operation: Cleanup
Event: 39.913 Executing VM operation: Cleanup done
Event: 40.913 Executing VM operation: Cleanup
Event: 40.919 Executing VM operation: Cleanup done
Event: 41.919 Executing VM operation: Cleanup
Event: 41.919 Executing VM operation: Cleanup done
Event: 50.923 Executing VM operation: Cleanup
Event: 50.924 Executing VM operation: Cleanup done
Event: 51.924 Executing VM operation: Cleanup
Event: 51.924 Executing VM operation: Cleanup done
Event: 56.928 Executing VM operation: Cleanup
Event: 56.928 Executing VM operation: Cleanup done
Event: 57.721 Executing VM operation: G1CollectForAllocation
Event: 57.729 Executing VM operation: G1CollectForAllocation done

Events (20 events):
Event: 1.586 Thread 0x00007f82409defc0 Thread added: 0x00007f82409defc0
Event: 1.586 Protecting memory [0x00007f81f1100000,0x00007f81f1104000] with protection modes 0
Event: 2.065 Thread 0x00007f8240b24d30 Thread added: 0x00007f8240b24d30
Event: 2.065 Protecting memory [0x00007f81f0f00000,0x00007f81f0f04000] with protection modes 0
Event: 2.082 Thread 0x00007f81c0009700 Thread added: 0x00007f81c0009700
Event: 2.082 Protecting memory [0x00007f8235c0f000,0x00007f8235c13000] with protection modes 0
Event: 2.084 Thread 0x00007f81c000b230 Thread added: 0x00007f81c000b230
Event: 2.084 Protecting memory [0x00007f81f0d00000,0x00007f81f0d04000] with protection modes 0
Event: 2.084 Thread 0x00007f81c000b230 Thread exited: 0x00007f81c000b230
Event: 2.085 Thread 0x00007f81c000b230 Thread added: 0x00007f81c000b230
Event: 2.085 Protecting memory [0x00007f81f0d00000,0x00007f81f0d04000] with protection modes 0
Event: 3.809 Thread 0x00007f81c000b230 Thread exited: 0x00007f81c000b230
Event: 3.809 Thread 0x00007f8240b24d30 Thread exited: 0x00007f8240b24d30
Event: 6.386 Thread 0x00007f81e402c020 Thread exited: 0x00007f81e402c020
Event: 20.914 Thread 0x00007f81e416d2b0 Thread added: 0x00007f81e416d2b0
Event: 20.914 Protecting memory [0x00007f81f3a00000,0x00007f81f3a04000] with protection modes 0
Event: 22.286 Thread 0x00007f81e416d2b0 Thread exited: 0x00007f81e416d2b0
Event: 39.588 Thread 0x00007f81e4169120 Thread added: 0x00007f81e4169120
Event: 39.588 Protecting memory [0x00007f81f3a00000,0x00007f81f3a04000] with protection modes 0
Event: 43.327 Thread 0x00007f81e4169120 Thread exited: 0x00007f81e4169120


Dynamic libraries:
fc000000-ffe00000 rw-p 00000000 00:00 0 
ffe00000-ffe47000 rw-p 00cfa000 00:84 479195                             /nix/store/c8hr2f0b0dm685yx1dkp6bw24bpx495n-graalvm19-ce-22.3.1/lib/server/classes.jsa
ffe47000-fff00000 rw-p 00000000 00:00 0 
fff00000-fff8b000 rw-p 00c6f000 00:84 479195                             /nix/store/c8hr2f0b0dm685yx1dkp6bw24bpx495n-graalvm19-ce-22.3.1/lib/server/classes.jsa
fff8b000-100000000 rw-p 00000000 00:00 0 
800000000-800462000 rw-p 00001000 00:84 479195                           /nix/store/c8hr2f0b0dm685yx1dkp6bw24bpx495n-graalvm19-ce-22.3.1/lib/server/classes.jsa
800462000-800c36000 r--p 00463000 00:84 479195                           /nix/store/c8hr2f0b0dm685yx1dkp6bw24bpx495n-graalvm19-ce-22.3.1/lib/server/classes.jsa
800c36000-801000000 ---p 00000000 00:00 0 
801000000-801040000 rw-p 00000000 00:00 0 
801040000-801080000 rw-p 00000000 00:00 0 
801080000-8010e0000 rw-p 00000000 00:00 0 
8010e0000-801100000 rw-p 00000000 00:00 0 
801100000-801150000 rw-p 00000000 00:00 0 
801150000-801160000 ---p 00000000 00:00 0 
801160000-801170000 rw-p 00000000 00:00 0 
801170000-841000000 ---p 00000000 00:00 0 
56393f41a000-56393f41b000 r-xp 00000000 00:84 478578                     /nix/store/c8hr2f0b0dm685yx1dkp6bw24bpx495n-graalvm19-ce-22.3.1/bin/.java-wrapped
56393f41c000-56393f41d000 r--p 00001000 00:84 478578                     /nix/store/c8hr2f0b0dm685yx1dkp6bw24bpx495n-graalvm19-ce-22.3.1/bin/.java-wrapped
56393f41d000-56393f41e000 rw-p 00002000 00:84 478578                     /nix/store/c8hr2f0b0dm685yx1dkp6bw24bpx495n-graalvm19-ce-22.3.1/bin/.java-wrapped
56393f41e000-56393f41f000 rw-p 00004000 00:84 478578                     /nix/store/c8hr2f0b0dm685yx1dkp6bw24bpx495n-graalvm19-ce-22.3.1/bin/.java-wrapped
56393f41f000-56393f420000 rw-p 00005000 00:84 478578                     /nix/store/c8hr2f0b0dm685yx1dkp6bw24bpx495n-graalvm19-ce-22.3.1/bin/.java-wrapped
5639491d9000-563949221000 rw-p 00000000 00:00 0                          [heap]
7f81b3573000-7f81b3900000 rw-p 00000000 00:00 0 
7f81b3a00000-7f81b3b00000 rw-p 00000000 00:00 0 
7f81b3c00000-7f81b3d00000 rw-p 00000000 00:00 0 
7f81b3e00000-7f81b3f00000 rw-p 00000000 00:00 0 
7f81b4000000-7f81b4021000 rw-p 00000000 00:00 0 
7f81b4021000-7f81b8000000 ---p 00000000 00:00 0 
7f81b8000000-7f81b8021000 rw-p 00000000 00:00 0 
7f81b8021000-7f81bc000000 ---p 00000000 00:00 0 
7f81bc000000-7f81bc021000 rw-p 00000000 00:00 0 
7f81bc021000-7f81c0000000 ---p 00000000 00:00 0 
7f81c0000000-7f81c0025000 rw-p 00000000 00:00 0 
7f81c0025000-7f81c4000000 ---p 00000000 00:00 0 
7f81c4000000-7f81c4021000 rw-p 00000000 00:00 0 
7f81c4021000-7f81c8000000 ---p 00000000 00:00 0 
7f81c8000000-7f81c8021000 rw-p 00000000 00:00 0 
7f81c8021000-7f81cc000000 ---p 00000000 00:00 0 
7f81cc000000-7f81cc021000 rw-p 00000000 00:00 0 
7f81cc021000-7f81d0000000 ---p 00000000 00:00 0 
7f81d0200000-7f81d0205000 r-xp 00000000 00:4a 30937                      /home/runner/.gradle/native/1def1411415f61bf3af743bc5b6707747c0891f09f0c88961ee8f79bc544acac/linux-amd64/libnative-platform.so
7f81d0205000-7f81d0405000 ---p 00005000 00:4a 30937                      /home/runner/.gradle/native/1def1411415f61bf3af743bc5b6707747c0891f09f0c88961ee8f79bc544acac/linux-amd64/libnative-platform.so
7f81d0405000-7f81d0406000 r--p 00005000 00:4a 30937                      /home/runner/.gradle/native/1def1411415f61bf3af743bc5b6707747c0891f09f0c88961ee8f79bc544acac/linux-amd64/libnative-platform.so
7f81d0406000-7f81d0407000 rw-p 00006000 00:4a 30937                      /home/runner/.gradle/native/1def1411415f61bf3af743bc5b6707747c0891f09f0c88961ee8f79bc544acac/linux-amd64/libnative-platform.so
7f81d04fe000-7f81d04ff000 ---p 00000000 00:00 0 
7f81d04ff000-7f81d0600000 rw-p 00000000 00:00 0 
7f81d0800000-7f81d0900000 rw-p 00000000 00:00 0 
7f81d0a00000-7f81d0b00000 rw-p 00000000 00:00 0 
7f81d0c00000-7f81d0d00000 rw-p 00000000 00:00 0 
7f81d0e00000-7f81d0f00000 rw-p 00000000 00:00 0 
7f81d1000000-7f81d1100000 rw-p 00000000 00:00 0 
7f81d1200000-7f81d1300000 rw-p 00000000 00:00 0 
7f81d1400000-7f81d1500000 rw-p 00000000 00:00 0 
7f81d1600000-7f81d1700000 rw-p 00000000 00:00 0 
7f81d1800000-7f81d1900000 rw-p 00000000 00:00 0 
7f81d1a00000-7f81d1b00000 rw-p 00000000 00:00 0 
7f81d1c00000-7f81d1d00000 rw-p 00000000 00:00 0 
7f81d1e00000-7f81d1f00000 rw-p 00000000 00:00 0 
7f81d2000000-7f81d2100000 rw-p 00000000 00:00 0 
7f81d2200000-7f81d2300000 rw-p 00000000 00:00 0 
7f81d2400000-7f81d2500000 rw-p 00000000 00:00 0 
7f81d2600000-7f81d2700000 rw-p 00000000 00:00 0 
7f81d2800000-7f81d2900000 rw-p 00000000 00:00 0 
7f81d2a00000-7f81d2b00000 rw-p 00000000 00:00 0 
7f81d2c00000-7f81d2d00000 rw-p 00000000 00:00 0 
7f81d2e00000-7f81d2f00000 ---p 00000000 00:00 0 
7f81d2f00000-7f81d34bc000 r--p 0115d000 00:84 479157                     /nix/store/c8hr2f0b0dm685yx1dkp6bw24bpx495n-graalvm19-ce-22.3.1/lib/libjvmcicompiler.so
7f81d34bc000-7f81d3600000 r--p 00000000 00:00 0 
7f81d3600000-7f81d3644000 rw-p 00000000 00:00 0 
7f81d3644000-7f81d3b5e000 rw-p 018a1000 00:84 479157                     /nix/store/c8hr2f0b0dm685yx1dkp6bw24bpx495n-graalvm19-ce-22.3.1/lib/libjvmcicompiler.so
7f81d3b5e000-7f81d3f56000 r--p 01dbb000 00:84 479157                     /nix/store/c8hr2f0b0dm685yx1dkp6bw24bpx495n-graalvm19-ce-22.3.1/lib/libjvmcicompiler.so
7f81d4000000-7f81d4021000 rw-p 00000000 00:00 0 
7f81d4021000-7f81d8000000 ---p 00000000 00:00 0 
7f81d8000000-7f81d8021000 rw-p 00000000 00:00 0 
7f81d8021000-7f81dc000000 ---p 00000000 00:00 0 
7f81dc000000-7f81dc1ce000 rw-p 00000000 00:00 0 
7f81dc1ce000-7f81e0000000 ---p 00000000 00:00 0 
7f81e0000000-7f81e0021000 rw-p 00000000 00:00 0 
7f81e0021000-7f81e4000000 ---p 00000000 00:00 0 
7f81e4000000-7f81e4215000 rw-p 00000000 00:00 0 
7f81e4215000-7f81e8000000 ---p 00000000 00:00 0 
7f81e8000000-7f81e8021000 rw-p 00000000 00:00 0 
7f81e8021000-7f81ec000000 ---p 00000000 00:00 0 
7f81ec000000-7f81ec077000 rw-p 00000000 00:00 0 
7f81ec077000-7f81f0000000 ---p 00000000 00:00 0 
7f81f00fe000-7f81f00ff000 ---p 00000000 00:00 0 
7f81f00ff000-7f81f0200000 rw-p 00000000 00:00 0 
7f81f0400000-7f81f0500000 rw-p 00000000 00:00 0 
7f81f0600000-7f81f0700000 rw-p 00000000 00:00 0 
7f81f0800000-7f81f0900000 rw-p 00000000 00:00 0 
7f81f0a00000-7f81f0b00000 rw-p 00000000 00:00 0 
7f81f0ba5000-7f81f0d00000 rw-p 00000000 00:00 0 
7f81f0d00000-7f81f0d04000 ---p 00000000 00:00 0 
7f81f0d04000-7f81f0e00000 rw-p 00000000 00:00 0 
7f81f0f00000-7f81f0f04000 ---p 00000000 00:00 0 
7f81f0f04000-7f81f1000000 rw-p 00000000 00:00 0 
7f81f1100000-7f81f1104000 ---p 00000000 00:00 0 
7f81f1104000-7f81f1200000 rw-p 00000000 00:00 0 
7f81f1200000-7f81f33b7000 r-xp 00000000 00:84 479157                     /nix/store/c8hr2f0b0dm685yx1dkp6bw24bpx495n-graalvm19-ce-22.3.1/lib/libjvmcicompiler.so
7f81f33b7000-7f81f35b6000 ---p 021b7000 00:84 479157                     /nix/store/c8hr2f0b0dm685yx1dkp6bw24bpx495n-graalvm19-ce-22.3.1/lib/libjvmcicompiler.so
7f81f35b6000-7f81f35b7000 r--p 021b6000 00:84 479157                     /nix/store/c8hr2f0b0dm685yx1dkp6bw24bpx495n-graalvm19-ce-22.3.1/lib/libjvmcicompiler.so
7f81f35b7000-7f81f35ba000 rw-p 021b7000 00:84 479157                     /nix/store/c8hr2f0b0dm685yx1dkp6bw24bpx495n-graalvm19-ce-22.3.1/lib/libjvmcicompiler.so
7f81f35ba000-7f81f35bf000 rw-p 02418000 00:84 479157                     /nix/store/c8hr2f0b0dm685yx1dkp6bw24bpx495n-graalvm19-ce-22.3.1/lib/libjvmcicompiler.so
7f81f35fc000-7f81f35fd000 ---p 00000000 00:00 0 
7f81f35fd000-7f81f36fe000 rw-p 00000000 00:00 0 
7f81f36fe000-7f81f36ff000 ---p 00000000 00:00 0 
7f81f36ff000-7f81f3800000 rw-p 00000000 00:00 0 
7f81f3800000-7f81f3804000 ---p 00000000 00:00 0 
7f81f3804000-7f81f3900000 rw-p 00000000 00:00 0 
7f81f3900000-7f81f3904000 ---p 00000000 00:00 0 
7f81f3904000-7f81f3a00000 rw-p 00000000 00:00 0 
7f81f3a00000-7f81f3a04000 ---p 00000000 00:00 0 
7f81f3a04000-7f81f3c00000 rw-p 00000000 00:00 0 
7f81f3c00000-7f81f3c04000 ---p 00000000 00:00 0 
7f81f3c04000-7f81f3e00000 rw-p 00000000 00:00 0 
7f81f3e00000-7f81f3e04000 ---p 00000000 00:00 0 
7f81f3e04000-7f81f4000000 rw-p 00000000 00:00 0 
7f81f4000000-7f81f4021000 rw-p 00000000 00:00 0 
7f81f4021000-7f81f8000000 ---p 00000000 00:00 0 
7f81f8000000-7f81f8021000 rw-p 00000000 00:00 0 
7f81f8021000-7f81fc000000 ---p 00000000 00:00 0 
7f81fc000000-7f81fc021000 rw-p 00000000 00:00 0 
7f81fc021000-7f8200000000 ---p 00000000 00:00 0 
7f8200000000-7f8200021000 rw-p 00000000 00:00 0 
7f8200021000-7f8204000000 ---p 00000000 00:00 0 
7f8204000000-7f8204021000 rw-p 00000000 00:00 0 
7f8204021000-7f8208000000 ---p 00000000 00:00 0 
7f8208000000-7f8208021000 rw-p 00000000 00:00 0 
7f8208021000-7f820c000000 ---p 00000000 00:00 0 
7f820c000000-7f820c400000 rw-p 00000000 00:00 0 
7f820c400000-7f820c880000 rw-p 00000000 00:00 0 
7f820c880000-7f820c900000 ---p 00000000 00:00 0 
7f820c900000-7f820c9b0000 rw-p 00000000 00:00 0 
7f820c9b0000-7f8210000000 ---p 00000000 00:00 0 
7f8210000000-7f8210021000 rw-p 00000000 00:00 0 
7f8210021000-7f8214000000 ---p 00000000 00:00 0 
7f8214000000-7f8214021000 rw-p 00000000 00:00 0 
7f8214021000-7f8218000000 ---p 00000000 00:00 0 
7f8218000000-7f8218021000 rw-p 00000000 00:00 0 
7f8218021000-7f821c000000 ---p 00000000 00:00 0 
7f821c000000-7f821c021000 rw-p 00000000 00:00 0 
7f821c021000-7f8220000000 ---p 00000000 00:00 0 
7f8220000000-7f8220021000 rw-p 00000000 00:00 0 
7f8220021000-7f8224000000 ---p 00000000 00:00 0 
7f8224041000-7f8224045000 ---p 00000000 00:00 0 
7f8224045000-7f8224141000 rw-p 00000000 00:00 0 
7f8224141000-7f8224145000 ---p 00000000 00:00 0 
7f8224145000-7f8224241000 rw-p 00000000 00:00 0 
7f8224241000-7f8224245000 ---p 00000000 00:00 0 
7f8224245000-7f8224341000 rw-p 00000000 00:00 0 
7f8224341000-7f8224345000 ---p 00000000 00:00 0 
7f8224345000-7f8224441000 rw-p 00000000 00:00 0 
7f8224441000-7f8224445000 ---p 00000000 00:00 0 
7f8224445000-7f8224541000 rw-p 00000000 00:00 0 
7f8224541000-7f8224545000 ---p 00000000 00:00 0 
7f8224545000-7f8224641000 rw-p 00000000 00:00 0 
7f8224641000-7f822492c000 r--p 00000000 00:21 714962                     /usr/lib/locale/locale-archive
7f822492c000-7f822492d000 ---p 00000000 00:00 0 
7f822492d000-7f8224a2e000 rw-p 00000000 00:00 0 
7f8224a2e000-7f8224afc000 r-xp 00000000 00:84 479155                     /nix/store/c8hr2f0b0dm685yx1dkp6bw24bpx495n-graalvm19-ce-22.3.1/lib/libjsvml.so
7f8224afc000-7f8224afd000 r--p 000cd000 00:84 479155                     /nix/store/c8hr2f0b0dm685yx1dkp6bw24bpx495n-graalvm19-ce-22.3.1/lib/libjsvml.so
7f8224afd000-7f8224afe000 rw-p 000ce000 00:84 479155                     /nix/store/c8hr2f0b0dm685yx1dkp6bw24bpx495n-graalvm19-ce-22.3.1/lib/libjsvml.so
7f8224afe000-7f8224aff000 ---p 00000000 00:00 0 
7f8224aff000-7f8224c00000 rw-p 00000000 00:00 0 
7f8224c00000-7f8226c00000 rw-p 00000000 00:00 0 
7f8226c00000-7f8227030000 rwxp 00000000 00:00 0 
7f8227030000-7f822e0f2000 ---p 00000000 00:00 0 
7f822e0f2000-7f822e362000 rwxp 00000000 00:00 0 
7f822e362000-7f822e70e000 ---p 00000000 00:00 0 
7f822e70e000-7f822e97e000 rwxp 00000000 00:00 0 
7f822e97e000-7f8235c00000 ---p 00000000 00:00 0 
7f8235c0f000-7f8235c13000 ---p 00000000 00:00 0 
7f8235c13000-7f8235c31000 rw-p 00000000 00:00 0 
7f8235c31000-7f8235c33000 r-xp 00000000 00:84 479140                     /nix/store/c8hr2f0b0dm685yx1dkp6bw24bpx495n-graalvm19-ce-22.3.1/lib/libextnet.so
7f8235c33000-7f8235c34000 ---p 00002000 00:84 479140                     /nix/store/c8hr2f0b0dm685yx1dkp6bw24bpx495n-graalvm19-ce-22.3.1/lib/libextnet.so
7f8235c34000-7f8235c35000 r--p 00002000 00:84 479140                     /nix/store/c8hr2f0b0dm685yx1dkp6bw24bpx495n-graalvm19-ce-22.3.1/lib/libextnet.so
7f8235c35000-7f8235c36000 rw-p 00003000 00:84 479140                     /nix/store/c8hr2f0b0dm685yx1dkp6bw24bpx495n-graalvm19-ce-22.3.1/lib/libextnet.so
7f8235c36000-7f8235c37000 rw-p 00005000 00:84 479140                     /nix/store/c8hr2f0b0dm685yx1dkp6bw24bpx495n-graalvm19-ce-22.3.1/lib/libextnet.so
7f8235c37000-7f8235c3d000 r-xp 00000000 00:84 479162                     /nix/store/c8hr2f0b0dm685yx1dkp6bw24bpx495n-graalvm19-ce-22.3.1/lib/libmanagement_ext.so
7f8235c3d000-7f8235c3e000 r--p 00005000 00:84 479162                     /nix/store/c8hr2f0b0dm685yx1dkp6bw24bpx495n-graalvm19-ce-22.3.1/lib/libmanagement_ext.so
7f8235c3e000-7f8235c3f000 rw-p 00006000 00:84 479162                     /nix/store/c8hr2f0b0dm685yx1dkp6bw24bpx495n-graalvm19-ce-22.3.1/lib/libmanagement_ext.so
7f8235c3f000-7f8235c41000 rw-p 00009000 00:84 479162                     /nix/store/c8hr2f0b0dm685yx1dkp6bw24bpx495n-graalvm19-ce-22.3.1/lib/libmanagement_ext.so
7f8235c41000-7f8235cc2000 rw-p 00000000 00:00 0 
7f8235cc2000-7f8235cc3000 ---p 00000000 00:00 0 
7f8235cc3000-7f8235dc4000 rw-p 00000000 00:00 0 
7f8235dc4000-7f8240000000 r--s 00000000 00:84 479181                     /nix/store/c8hr2f0b0dm685yx1dkp6bw24bpx495n-graalvm19-ce-22.3.1/lib/modules
7f8240000000-7f8240b8c000 rw-p 00000000 00:00 0 
7f8240b8c000-7f8244000000 ---p 00000000 00:00 0 
7f8244002000-7f8244006000 r-xp 00000000 00:84 479160                     /nix/store/c8hr2f0b0dm685yx1dkp6bw24bpx495n-graalvm19-ce-22.3.1/lib/libmanagement.so
7f8244006000-7f8244007000 r--p 00003000 00:84 479160                     /nix/store/c8hr2f0b0dm685yx1dkp6bw24bpx495n-graalvm19-ce-22.3.1/lib/libmanagement.so
7f8244007000-7f8244008000 rw-p 00004000 00:84 479160                     /nix/store/c8hr2f0b0dm685yx1dkp6bw24bpx495n-graalvm19-ce-22.3.1/lib/libmanagement.so
7f8244008000-7f824400a000 rw-p 00007000 00:84 479160                     /nix/store/c8hr2f0b0dm685yx1dkp6bw24bpx495n-graalvm19-ce-22.3.1/lib/libmanagement.so
7f824400a000-7f8244017000 r-xp 00000000 00:84 479179                     /nix/store/c8hr2f0b0dm685yx1dkp6bw24bpx495n-graalvm19-ce-22.3.1/lib/libverify.so
7f8244017000-7f8244019000 r--p 0000c000 00:84 479179                     /nix/store/c8hr2f0b0dm685yx1dkp6bw24bpx495n-graalvm19-ce-22.3.1/lib/libverify.so
7f8244019000-7f824401a000 rw-p 0000e000 00:84 479179                     /nix/store/c8hr2f0b0dm685yx1dkp6bw24bpx495n-graalvm19-ce-22.3.1/lib/libverify.so
7f824401a000-7f824401b000 rw-p 00010000 00:84 479179                     /nix/store/c8hr2f0b0dm685yx1dkp6bw24bpx495n-graalvm19-ce-22.3.1/lib/libverify.so
7f824401b000-7f8244022000 r-xp 00000000 00:84 479180                     /nix/store/c8hr2f0b0dm685yx1dkp6bw24bpx495n-graalvm19-ce-22.3.1/lib/libzip.so
7f8244022000-7f8244023000 ---p 00007000 00:84 479180                     /nix/store/c8hr2f0b0dm685yx1dkp6bw24bpx495n-graalvm19-ce-22.3.1/lib/libzip.so
7f8244023000-7f8244024000 r--p 00007000 00:84 479180                     /nix/store/c8hr2f0b0dm685yx1dkp6bw24bpx495n-graalvm19-ce-22.3.1/lib/libzip.so
7f8244024000-7f8244025000 rw-p 00008000 00:84 479180                     /nix/store/c8hr2f0b0dm685yx1dkp6bw24bpx495n-graalvm19-ce-22.3.1/lib/libzip.so
7f8244025000-7f8244027000 rw-p 0000b000 00:84 479180                     /nix/store/c8hr2f0b0dm685yx1dkp6bw24bpx495n-graalvm19-ce-22.3.1/lib/libzip.so
7f8244027000-7f8244035000 r-xp 00000000 00:84 479170                     /nix/store/c8hr2f0b0dm685yx1dkp6bw24bpx495n-graalvm19-ce-22.3.1/lib/libnet.so
7f8244035000-7f8244036000 r--p 0000d000 00:84 479170                     /nix/store/c8hr2f0b0dm685yx1dkp6bw24bpx495n-graalvm19-ce-22.3.1/lib/libnet.so
7f8244036000-7f8244037000 rw-p 0000e000 00:84 479170                     /nix/store/c8hr2f0b0dm685yx1dkp6bw24bpx495n-graalvm19-ce-22.3.1/lib/libnet.so
7f8244037000-7f8244039000 rw-p 00012000 00:84 479170                     /nix/store/c8hr2f0b0dm685yx1dkp6bw24bpx495n-graalvm19-ce-22.3.1/lib/libnet.so
7f8244039000-7f824404c000 r-xp 00000000 00:84 479171                     /nix/store/c8hr2f0b0dm685yx1dkp6bw24bpx495n-graalvm19-ce-22.3.1/lib/libnio.so
7f824404c000-7f824404d000 r--p 00012000 00:84 479171                     /nix/store/c8hr2f0b0dm685yx1dkp6bw24bpx495n-graalvm19-ce-22.3.1/lib/libnio.so
7f824404d000-7f824404e000 rw-p 00013000 00:84 479171                     /nix/store/c8hr2f0b0dm685yx1dkp6bw24bpx495n-graalvm19-ce-22.3.1/lib/libnio.so
7f824404e000-7f8244053000 rw-p 00019000 00:84 479171                     /nix/store/c8hr2f0b0dm685yx1dkp6bw24bpx495n-graalvm19-ce-22.3.1/lib/libnio.so
7f8244053000-7f82444f3000 rw-p 00000000 00:00 0 
7f82444f3000-7f82444f4000 ---p 00000000 00:00 0 
7f82444f4000-7f82445f5000 rw-p 00000000 00:00 0 
7f82445f5000-7f82445f6000 ---p 00000000 00:00 0 
7f82445f6000-7f82446f7000 rw-p 00000000 00:00 0 
7f82446f7000-7f82446f8000 ---p 00000000 00:00 0 
7f82446f8000-7f82447f9000 rw-p 00000000 00:00 0 
7f82447f9000-7f8244a1c000 rw-p 00000000 00:00 0 
7f8244a1c000-7f8244e65000 rw-p 00000000 00:00 0 
7f8244e65000-7f8244f4a000 ---p 00000000 00:00 0 
7f8244f4a000-7f8244f53000 rw-p 00000000 00:00 0 
7f8244f53000-7f8245034000 ---p 00000000 00:00 0 
7f8245034000-7f8245039000 rw-p 00000000 00:00 0 
7f8245039000-7f8245041000 ---p 00000000 00:00 0 
7f8245041000-7f8245067000 r-xp 00000000 00:84 479147                     /nix/store/c8hr2f0b0dm685yx1dkp6bw24bpx495n-graalvm19-ce-22.3.1/lib/libjava.so
7f8245067000-7f8245068000 r--p 00025000 00:84 479147                     /nix/store/c8hr2f0b0dm685yx1dkp6bw24bpx495n-graalvm19-ce-22.3.1/lib/libjava.so
7f8245068000-7f8245069000 rw-p 00026000 00:84 479147                     /nix/store/c8hr2f0b0dm685yx1dkp6bw24bpx495n-graalvm19-ce-22.3.1/lib/libjava.so
7f8245069000-7f824506a000 rw-p 00000000 00:00 0 
7f824506a000-7f8245071000 rw-p 00030000 00:84 479147                     /nix/store/c8hr2f0b0dm685yx1dkp6bw24bpx495n-graalvm19-ce-22.3.1/lib/libjava.so
7f8245071000-7f8245079000 rw-s 00000000 00:45 57054                      /tmp/hsperfdata_runner/4313
7f8245079000-7f824507a000 ---p 00000000 00:00 0 
7f824507a000-7f824507b000 r--p 00000000 00:00 0 
7f824507b000-7f824507c000 ---p 00000000 00:00 0 
7f824507c000-7f8245097000 r-xp 00000000 00:84 479151                     /nix/store/c8hr2f0b0dm685yx1dkp6bw24bpx495n-graalvm19-ce-22.3.1/lib/libjimage.so
7f8245097000-7f8245098000 ---p 0001b000 00:84 479151                     /nix/store/c8hr2f0b0dm685yx1dkp6bw24bpx495n-graalvm19-ce-22.3.1/lib/libjimage.so
7f8245098000-7f824509a000 r--p 0001b000 00:84 479151                     /nix/store/c8hr2f0b0dm685yx1dkp6bw24bpx495n-graalvm19-ce-22.3.1/lib/libjimage.so
7f824509a000-7f824509b000 rw-p 0001d000 00:84 479151                     /nix/store/c8hr2f0b0dm685yx1dkp6bw24bpx495n-graalvm19-ce-22.3.1/lib/libjimage.so
7f824509b000-7f824509c000 rw-p 00024000 00:84 479151                     /nix/store/c8hr2f0b0dm685yx1dkp6bw24bpx495n-graalvm19-ce-22.3.1/lib/libjimage.so
7f824509c000-7f82450a0000 ---p 00000000 00:00 0 
7f82450a0000-7f824519c000 rw-p 00000000 00:00 0 
7f824519c000-7f82451aa000 r--p 00000000 00:84 406646                     /nix/store/9v5d40jyvmwgnq1nj8f19ji2rcc5dksd-glibc-2.37-45/lib/libm.so.6
7f82451aa000-7f824521e000 r-xp 0000e000 00:84 406646                     /nix/store/9v5d40jyvmwgnq1nj8f19ji2rcc5dksd-glibc-2.37-45/lib/libm.so.6
7f824521e000-7f824527a000 r--p 00082000 00:84 406646                     /nix/store/9v5d40jyvmwgnq1nj8f19ji2rcc5dksd-glibc-2.37-45/lib/libm.so.6
7f824527a000-7f824527b000 r--p 000de000 00:84 406646                     /nix/store/9v5d40jyvmwgnq1nj8f19ji2rcc5dksd-glibc-2.37-45/lib/libm.so.6
7f824527b000-7f824527c000 rw-p 000df000 00:84 406646                     /nix/store/9v5d40jyvmwgnq1nj8f19ji2rcc5dksd-glibc-2.37-45/lib/libm.so.6
7f824527c000-7f824527d000 r--p 00000000 00:84 406665                     /nix/store/9v5d40jyvmwgnq1nj8f19ji2rcc5dksd-glibc-2.37-45/lib/librt.so.1
7f824527d000-7f824527e000 r-xp 00001000 00:84 406665                     /nix/store/9v5d40jyvmwgnq1nj8f19ji2rcc5dksd-glibc-2.37-45/lib/librt.so.1
7f824527e000-7f824527f000 r--p 00002000 00:84 406665                     /nix/store/9v5d40jyvmwgnq1nj8f19ji2rcc5dksd-glibc-2.37-45/lib/librt.so.1
7f824527f000-7f8245280000 r--p 00002000 00:84 406665                     /nix/store/9v5d40jyvmwgnq1nj8f19ji2rcc5dksd-glibc-2.37-45/lib/librt.so.1
7f8245280000-7f8245281000 rw-p 00003000 00:84 406665                     /nix/store/9v5d40jyvmwgnq1nj8f19ji2rcc5dksd-glibc-2.37-45/lib/librt.so.1
7f8245281000-7f8246466000 r-xp 00000000 00:84 479197                     /nix/store/c8hr2f0b0dm685yx1dkp6bw24bpx495n-graalvm19-ce-22.3.1/lib/server/libjvm.so
7f8246466000-7f8246530000 r--p 011e4000 00:84 479197                     /nix/store/c8hr2f0b0dm685yx1dkp6bw24bpx495n-graalvm19-ce-22.3.1/lib/server/libjvm.so
7f8246530000-7f8246565000 rw-p 012ae000 00:84 479197                     /nix/store/c8hr2f0b0dm685yx1dkp6bw24bpx495n-graalvm19-ce-22.3.1/lib/server/libjvm.so
7f8246565000-7f82465c2000 rw-p 00000000 00:00 0 
7f82465c2000-7f82465e4000 r--p 00000000 00:84 406639                     /nix/store/9v5d40jyvmwgnq1nj8f19ji2rcc5dksd-glibc-2.37-45/lib/libc.so.6
7f82465e4000-7f824673d000 r-xp 00022000 00:84 406639                     /nix/store/9v5d40jyvmwgnq1nj8f19ji2rcc5dksd-glibc-2.37-45/lib/libc.so.6
7f824673d000-7f8246796000 r--p 0017b000 00:84 406639                     /nix/store/9v5d40jyvmwgnq1nj8f19ji2rcc5dksd-glibc-2.37-45/lib/libc.so.6
7f8246796000-7f824679a000 r--p 001d3000 00:84 406639                     /nix/store/9v5d40jyvmwgnq1nj8f19ji2rcc5dksd-glibc-2.37-45/lib/libc.so.6
7f824679a000-7f824679c000 rw-p 001d7000 00:84 406639                     /nix/store/9v5d40jyvmwgnq1nj8f19ji2rcc5dksd-glibc-2.37-45/lib/libc.so.6
7f824679c000-7f82467a9000 rw-p 00000000 00:00 0 
7f82467a9000-7f82467aa000 r--p 00000000 00:84 406644                     /nix/store/9v5d40jyvmwgnq1nj8f19ji2rcc5dksd-glibc-2.37-45/lib/libdl.so.2
7f82467aa000-7f82467ab000 r-xp 00001000 00:84 406644                     /nix/store/9v5d40jyvmwgnq1nj8f19ji2rcc5dksd-glibc-2.37-45/lib/libdl.so.2
7f82467ab000-7f82467ac000 r--p 00002000 00:84 406644                     /nix/store/9v5d40jyvmwgnq1nj8f19ji2rcc5dksd-glibc-2.37-45/lib/libdl.so.2
7f82467ac000-7f82467ad000 r--p 00002000 00:84 406644                     /nix/store/9v5d40jyvmwgnq1nj8f19ji2rcc5dksd-glibc-2.37-45/lib/libdl.so.2
7f82467ad000-7f82467ae000 rw-p 00003000 00:84 406644                     /nix/store/9v5d40jyvmwgnq1nj8f19ji2rcc5dksd-glibc-2.37-45/lib/libdl.so.2
7f82467ae000-7f82467af000 r--p 00000000 00:84 406661                     /nix/store/9v5d40jyvmwgnq1nj8f19ji2rcc5dksd-glibc-2.37-45/lib/libpthread.so.0
7f82467af000-7f82467b0000 r-xp 00001000 00:84 406661                     /nix/store/9v5d40jyvmwgnq1nj8f19ji2rcc5dksd-glibc-2.37-45/lib/libpthread.so.0
7f82467b0000-7f82467b1000 r--p 00002000 00:84 406661                     /nix/store/9v5d40jyvmwgnq1nj8f19ji2rcc5dksd-glibc-2.37-45/lib/libpthread.so.0
7f82467b1000-7f82467b2000 r--p 00002000 00:84 406661                     /nix/store/9v5d40jyvmwgnq1nj8f19ji2rcc5dksd-glibc-2.37-45/lib/libpthread.so.0
7f82467b2000-7f82467b3000 rw-p 00003000 00:84 406661                     /nix/store/9v5d40jyvmwgnq1nj8f19ji2rcc5dksd-glibc-2.37-45/lib/libpthread.so.0
7f82467b3000-7f82467c1000 r-xp 00000000 00:84 479152                     /nix/store/c8hr2f0b0dm685yx1dkp6bw24bpx495n-graalvm19-ce-22.3.1/lib/libjli.so
7f82467c1000-7f82467c2000 ---p 0000e000 00:84 479152                     /nix/store/c8hr2f0b0dm685yx1dkp6bw24bpx495n-graalvm19-ce-22.3.1/lib/libjli.so
7f82467c2000-7f82467c3000 r--p 0000e000 00:84 479152                     /nix/store/c8hr2f0b0dm685yx1dkp6bw24bpx495n-graalvm19-ce-22.3.1/lib/libjli.so
7f82467c3000-7f82467c4000 rw-p 0000f000 00:84 479152                     /nix/store/c8hr2f0b0dm685yx1dkp6bw24bpx495n-graalvm19-ce-22.3.1/lib/libjli.so
7f82467c4000-7f82467c5000 rw-p 00012000 00:84 479152                     /nix/store/c8hr2f0b0dm685yx1dkp6bw24bpx495n-graalvm19-ce-22.3.1/lib/libjli.so
7f82467c5000-7f82467c7000 rw-p 00000000 00:00 0 
7f82467c7000-7f82467ca000 r--p 00000000 00:84 581600                     /nix/store/g6y95vcykv1hh6bizcqvafazk6mhj0pn-zlib-1.2.13/lib/libz.so.1.2.13
7f82467ca000-7f82467dd000 r-xp 00003000 00:84 581600                     /nix/store/g6y95vcykv1hh6bizcqvafazk6mhj0pn-zlib-1.2.13/lib/libz.so.1.2.13
7f82467dd000-7f82467e4000 r--p 00016000 00:84 581600                     /nix/store/g6y95vcykv1hh6bizcqvafazk6mhj0pn-zlib-1.2.13/lib/libz.so.1.2.13
7f82467e4000-7f82467e5000 r--p 0001c000 00:84 581600                     /nix/store/g6y95vcykv1hh6bizcqvafazk6mhj0pn-zlib-1.2.13/lib/libz.so.1.2.13
7f82467e5000-7f82467e6000 rw-p 0001d000 00:84 581600                     /nix/store/g6y95vcykv1hh6bizcqvafazk6mhj0pn-zlib-1.2.13/lib/libz.so.1.2.13
7f82467e6000-7f82467e7000 r--p 00000000 00:84 1033024                    /nix/store/sj11ljhx4n79h9g0167f8lg8hp7n545m-replit_rtld_loader-1/rtld_loader.so
7f82467e7000-7f82467e9000 r-xp 00001000 00:84 1033024                    /nix/store/sj11ljhx4n79h9g0167f8lg8hp7n545m-replit_rtld_loader-1/rtld_loader.so
7f82467e9000-7f82467ea000 r--p 00003000 00:84 1033024                    /nix/store/sj11ljhx4n79h9g0167f8lg8hp7n545m-replit_rtld_loader-1/rtld_loader.so
7f82467ea000-7f82467eb000 r--p 00003000 00:84 1033024                    /nix/store/sj11ljhx4n79h9g0167f8lg8hp7n545m-replit_rtld_loader-1/rtld_loader.so
7f82467eb000-7f82467ec000 rw-p 00004000 00:84 1033024                    /nix/store/sj11ljhx4n79h9g0167f8lg8hp7n545m-replit_rtld_loader-1/rtld_loader.so
7f82467ec000-7f8246804000 rw-p 00000000 00:00 0 
7f8246804000-7f8246808000 r--p 00000000 00:00 0                          [vvar]
7f8246808000-7f824680a000 r--p 00000000 00:00 0                          [vvar_vclock]
7f824680a000-7f824680c000 r-xp 00000000 00:00 0                          [vdso]
7f824680c000-7f824680d000 r--p 00000000 00:84 406633                     /nix/store/9v5d40jyvmwgnq1nj8f19ji2rcc5dksd-glibc-2.37-45/lib/ld-linux-x86-64.so.2
7f824680d000-7f8246833000 r-xp 00001000 00:84 406633                     /nix/store/9v5d40jyvmwgnq1nj8f19ji2rcc5dksd-glibc-2.37-45/lib/ld-linux-x86-64.so.2
7f8246833000-7f824683d000 r--p 00027000 00:84 406633                     /nix/store/9v5d40jyvmwgnq1nj8f19ji2rcc5dksd-glibc-2.37-45/lib/ld-linux-x86-64.so.2
7f824683d000-7f824683f000 r--p 00031000 00:84 406633                     /nix/store/9v5d40jyvmwgnq1nj8f19ji2rcc5dksd-glibc-2.37-45/lib/ld-linux-x86-64.so.2
7f824683f000-7f8246841000 rw-p 00033000 00:84 406633                     /nix/store/9v5d40jyvmwgnq1nj8f19ji2rcc5dksd-glibc-2.37-45/lib/ld-linux-x86-64.so.2
7ffe2a04f000-7ffe2a072000 rw-p 00000000 00:00 0                          [stack]


VM Arguments:
jvm_args: -XX:ThreadPriorityPolicy=1 -XX:+UnlockExperimentalVMOptions -XX:+EnableJVMCIProduct -XX:JVMCIThreadsPerNativeLibraryRuntime=1 -XX:-UnlockExperimentalVMOptions -Xmx64m -Xms64m -Dorg.gradle.appname=gradlew 
java_command: /home/runner/workspace/artifacts/elan-mobile/android/gradle/wrapper/gradle-wrapper.jar assembleRelease --no-daemon --stacktrace
java_class_path (initial): /home/runner/workspace/artifacts/elan-mobile/android/gradle/wrapper/gradle-wrapper.jar
Launcher Type: SUN_STANDARD

[Global flags]
     intx CICompilerCount                          = 3                                         {product} {ergonomic}
     uint ConcGCThreads                            = 1                                         {product} {ergonomic}
     bool EnableJVMCIProduct                       = true                                {JVMCI product} {jimage}
     uint G1ConcRefinementThreads                  = 4                                         {product} {ergonomic}
   size_t G1HeapRegionSize                         = 1048576                                   {product} {ergonomic}
    uintx GCDrainStackTargetSize                   = 64                                        {product} {ergonomic}
   size_t InitialHeapSize                          = 67108864                                  {product} {command line}
     uint JVMCIThreadsPerNativeLibraryRuntime      = 1                                   {JVMCI product} {jimage}
   size_t MarkStackSize                            = 4194304                                   {product} {ergonomic}
   size_t MaxHeapSize                              = 67108864                                  {product} {command line}
   size_t MaxNewSize                               = 39845888                                  {product} {ergonomic}
   size_t MinHeapDeltaBytes                        = 1048576                                   {product} {ergonomic}
   size_t MinHeapSize                              = 67108864                                  {product} {command line}
    uintx NonNMethodCodeHeapSize                   = 6402904                                {pd product} {ergonomic}
    uintx NonProfiledCodeHeapSize                  = 122627668                              {pd product} {ergonomic}
    uintx ProfiledCodeHeapSize                     = 122627668                              {pd product} {ergonomic}
    uintx ReservedCodeCacheSize                    = 251658240                              {pd product} {ergonomic}
     bool SegmentedCodeCache                       = true                                      {product} {ergonomic}
   size_t SoftMaxHeapSize                          = 67108864                               {manageable} {ergonomic}
     intx ThreadPriorityPolicy                     = 1                                         {product} {jimage}
     bool UseCompressedClassPointers               = true                           {product lp64_product} {ergonomic}
     bool UseCompressedOops                        = true                           {product lp64_product} {ergonomic}
     bool UseG1GC                                  = true                                      {product} {ergonomic}

Logging:
Log output configuration:
 #0: stdout all=warning uptime,level,tags foldmultilines=false
 #1: stderr all=off uptime,level,tags foldmultilines=false

Environment Variables:
PATH=/nix/store/17prmkcmwjif1sbpgpfb12dn94psc4gd-npx/bin:/home/runner/workspace/.config/npm/node_global/bin:/home/runner/workspace/node_modules/.bin:/nix/store/s7awkfc4pym4zj139fsxrjs5xwf5hhnd-nodejs-24.13.0-wrapped/bin:/nix/store/1xk3mgscq548ypyrgm2n5kwdii92w9ql-bun-1.3.6/bin:/nix/store/61lr9izijvg30pcribjdxgjxvh3bysp4-pnpm-10.26.1/bin:/nix/store/23078nfww258q1vjxbmyak0svvxcvj4s-yarn-1.22.22/bin:/nix/store/8sa75mbvbn3kxicggyyjggmkigvzddks-prettier-3.6.2/bin:/nix/store/c8hr2f0b0dm685yx1dkp6bw24bpx495n-graalvm19-ce-22.3.1/bin:/nix/store/4lslm4qgsyjmpdw64w0a8q5bdmlzjvjd-apache-maven-3.8.6/bin:/nix/store/bgwr5i8jf8jpg75rr53rz3fqv5k8yrwp-postgresql-16.10/bin:/home/runner/workspace/.pythonlibs/bin:/nix/store/yp3s28b4xjvcq53wapb1v7hv5hlmmmma-python-wrapped-0.1.0/bin:/nix/store/59w24ywxs5lny5n9hx2zk1g29yy49iq4-python3.13-pip-25.0.1/bin:/nix/store/zv4va3swx5qcnlmx801p63n7jx59fgpl-python3.13-poetry-2.2.1/bin:/nix/store/cl0zldpnlc6k0f4jkl41vh977y4m13bq-uv-0.9.24/bin:/repl/ctls/bin:/nix/store/r7gvqfx5295420rcn3s375a4z9cgs8lq-pid1/bin:/nix/store/ipsw9pl73xjiasn4gid4y3x946480x6a-replit-runtime-path/bin:/usr/local/sbin:/usr/local/bin:/usr/sbin:/usr/bin:/sbin:/bin
LD_LIBRARY_PATH=/nix/store/prgb550wh7fmrcc79bnpdyxszyb0f948-cups-2.4.7-lib/lib:/nix/store/8l1kyr91cpcxbb288mg1hx052axkpp5y-cairo-1.16.0/lib:/nix/store/vsspzij12kbnnhl5cmd19ilwln6pnx9p-glib-2.76.2/lib:/nix/store/08a6hlz448wb02rkp9g87mzyn6a0cp72-gtk+3-3.24.37/lib
DISPLAY=:0
LANG=en_US.UTF-8
TERM=dumb

Active Locale:
LC_ALL=en_US.UTF-8
LC_COLLATE=en_US.UTF-8
LC_CTYPE=en_US.UTF-8
LC_MESSAGES=en_US.UTF-8
LC_MONETARY=en_US.UTF-8
LC_NUMERIC=en_US.UTF-8
LC_TIME=en_US.UTF-8

Signal Handlers:
   SIGSEGV: crash_handler in libjvm.so, mask=11100100010111111101111111111110, flags=SA_RESTART|SA_SIGINFO
    SIGBUS: crash_handler in libjvm.so, mask=11100100010111111101111111111110, flags=SA_RESTART|SA_SIGINFO
    SIGFPE: crash_handler in libjvm.so, mask=11100100010111111101111111111110, flags=SA_RESTART|SA_SIGINFO
   SIGPIPE: IsolateEnterStub_IgnoreSIGPIPEStartupHook_noopSignalHandler_e7f927579b58c552540f032273d7664341ccbaa6_76208cad888c6e1fb3760e66784fb81a9ad004e5 in libjvmcicompiler.so, mask=00000000000000000000000000000000, flags=SA_RESTART
  *** Handler was modified!
  *** Expected: javaSignalHandler in libjvm.so, mask=11100100110111111111111111111110, flags=SA_RESTART|SA_SIGINFO
   SIGXFSZ: javaSignalHandler in libjvm.so, mask=11100100010111111101111111111110, flags=SA_RESTART|SA_SIGINFO
    SIGILL: crash_handler in libjvm.so, mask=11100100010111111101111111111110, flags=SA_RESTART|SA_SIGINFO
   SIGUSR2: SR_handler in libjvm.so, mask=00000000000000000000000000000000, flags=SA_RESTART|SA_SIGINFO
    SIGHUP: UserHandler in libjvm.so, mask=11100100010111111101111111111110, flags=SA_RESTART|SA_SIGINFO
    SIGINT: UserHandler in libjvm.so, mask=11100100010111111101111111111110, flags=SA_RESTART|SA_SIGINFO
   SIGTERM: UserHandler in libjvm.so, mask=11100100010111111101111111111110, flags=SA_RESTART|SA_SIGINFO
   SIGQUIT: UserHandler in libjvm.so, mask=11100100010111111101111111111110, flags=SA_RESTART|SA_SIGINFO
   SIGTRAP: crash_handler in libjvm.so, mask=11100100010111111101111111111110, flags=SA_RESTART|SA_SIGINFO


---------------  S Y S T E M  ---------------

OS:
DISTRIB_ID=Ubuntu
DISTRIB_RELEASE=24.04
DISTRIB_CODENAME=noble
DISTRIB_DESCRIPTION="Ubuntu 24.04.4 LTS"
uname: Linux 6.18.48 #Replit-Linux SMP Fri Aug 28 06:22:54 UTC 2026 x86_64
OS uptime: 0 days 1:15 hours
libc: glibc 2.37 NPTL 2.37 
rlimit (soft/hard): STACK 8192k/infinity , CORE 0k/infinity , NPROC 31847/31847 , NOFILE 83886/83886 , AS infinity/infinity , CPU infinity/infinity , DATA infinity/infinity , FSIZE infinity/infinity , MEMLOCK 8192k/8192k
load average: 5.37 4.16 2.07

/proc/meminfo:
MemTotal:        8156440 kB
MemFree:         1747400 kB
MemAvailable:    1846332 kB
Buffers:            1184 kB
Cached:          1624828 kB
SwapCached:            0 kB
Active:           350072 kB
Inactive:        5448700 kB
Active(anon):       6676 kB
Inactive(anon):  4187528 kB
Active(file):     343396 kB
Inactive(file):  1261172 kB
Unevictable:           0 kB
Mlocked:               0 kB
SwapTotal:             0 kB
SwapFree:              0 kB
Dirty:               752 kB
Writeback:             0 kB
AnonPages:       4173004 kB
Mapped:           236120 kB
Shmem:             21388 kB
KReclaimable:          0 kB
Slab:             158924 kB
SReclaimable:          0 kB
SUnreclaim:       158924 kB
KernelStack:        9664 kB
PageTables:        94852 kB
SecPageTables:         0 kB
NFS_Unstable:          0 kB
Bounce:                0 kB
WritebackTmp:          0 kB
CommitLimit:     4078220 kB
Committed_AS:    7902500 kB
VmallocTotal:   34359738367 kB
VmallocUsed:       13060 kB
VmallocChunk:          0 kB
Percpu:             1536 kB
AnonHugePages:         0 kB
ShmemHugePages:        0 kB
ShmemPmdMapped:        0 kB
FileHugePages:         0 kB
FilePmdMapped:         0 kB
Balloon:               0 kB
HugePages_Total:       0
HugePages_Free:        0
HugePages_Rsvd:        0
HugePages_Surp:        0
Hugepagesize:       2048 kB
Hugetlb:               0 kB
DirectMap4k:       26624 kB
DirectMap2M:     6383616 kB
DirectMap1G:    12582912 kB

/sys/kernel/mm/transparent_hugepage/enabled: always madvise [never]
/sys/kernel/mm/transparent_hugepage/defrag (defrag/compaction efforts parameter): always defer defer+madvise [madvise] never

Process Memory:
Virtual Size: 3505836K (peak: 3505836K)
Resident Set Size: 169104K (peak: 169104K) (anon: 118324K, file: 50780K, shmem: 0K)
Swapped out: 0K
C-Heap outstanding allocations: 29080K, retained: 6075K
glibc malloc tunables: GLIBC_TUNABLES=glibc.rtld.optional_static_tls=10000

/proc/sys/kernel/threads-max (system-wide limit on the number of threads): 63695
/proc/sys/vm/max_map_count (maximum number of memory map areas a process may have): 65530
/proc/sys/kernel/pid_max (system-wide limit on number of process identifiers): 4194304

container information not found.
KVM virtualization detected
Steal ticks since vm start: 579
Steal ticks percentage since vm start:  0.025

CPU: total 4 (initial active 4) (4 cores per cpu, 1 threads per core) family 6 model 143 stepping 8 microcode 0x1, cx8, cmov, fxsr, mmx, 3dnowpref, sse, sse2, sse3, ssse3, sse4.1, sse4.2, popcnt, lzcnt, tsc, tscinvbit, avx, avx2, aes, erms, clmul, bmi1, bmi2, rtm, adx, avx512f, avx512dq, avx512cd, avx512bw, avx512vl, sha, fma, vzeroupper, avx512_vpopcntdq, avx512_vpclmulqdq, avx512_vaes, avx512_vnni, clflush, clflushopt, clwb, avx512_vbmi2, avx512_vbmi, hv, serialize, rdtscp, rdpid, fsrm, gfni, avx512_bitalg
CPU Model and flags from /proc/cpuinfo:
model name	: Intel(R) Xeon(R) Platinum 8481C CPU @ 2.70GHz
flags		: fpu vme de pse tsc msr pae mce cx8 apic sep mtrr pge mca cmov pat pse36 clflush mmx fxsr sse sse2 ss ht syscall nx pdpe1gb rdtscp lm constant_tsc rep_good nopl xtopology nonstop_tsc cpuid tsc_known_freq pni pclmulqdq vmx ssse3 fma cx16 pcid sse4_1 sse4_2 x2apic movbe popcnt tsc_deadline_timer aes xsave avx f16c rdrand hypervisor lahf_lm abm 3dnowprefetch cpuid_fault ssbd ibrs ibpb stibp ibrs_enhanced tpr_shadow flexpriority ept vpid ept_ad fsgsbase tsc_adjust bmi1 avx2 smep bmi2 erms invpcid rtm avx512f avx512dq rdseed adx smap avx512ifma clflushopt clwb avx512cd sha_ni avx512bw avx512vl xsaveopt xsavec xgetbv1 xsaves avx_vnni avx512_bf16 arat vnmi avx512vbmi umip avx512_vbmi2 gfni vaes vpclmulqdq avx512_vnni avx512_bitalg avx512_vpopcntdq rdpid cldemote movdiri movdir64b fsrm md_clear serialize tsxldtrk avx512_fp16 arch_capabilities

Online cpus: 0-3
Offline cpus: 
BIOS frequency limitation: <Not Available>
Frequency switch latency (ns): <Not Available>
Available cpu frequencies: <Not Available>
Current governor: <Not Available>
Core performance/turbo boost: <Not Available>

Memory: 4k page, physical 8156440k(1747400k free), swap 0k(0k free)
Page Sizes: 4k

vm_info: OpenJDK 64-Bit Server VM (19.0.2+7-jvmci-22.3-b12) for linux-amd64 JRE (19.0.2+7-jvmci-22.3-b12), built on 2022-12-28T13:59:55Z by "buildslave" with gcc 11.2.0

END.
